interactions:
- request:
    body: '{"nummer": "0000000130", "kanaal": "boy", "onderwerp": "material", "inhoud":
      "Little back mother something.", "taal": "nld", "indicatieContactGelukt": false,
      "vertrouwelijk": true, "plaatsgevondenOp": "2001-05-13T09:35:28.147611"}'
    headers:
      Authorization:
      - Token b2eb1da9861da88743d72a3fb4344288fe2cba44
      Content-Length:
      - '230'
      Content-Type:
      - application/json
    method: POST
    uri: http://localhost:8338/klantinteracties/api/v1/klantcontacten
  response:
    body:
      string: '{"uuid":"e394747f-7350-4ef9-b146-87a1250780b2","url":"http://localhost:8338/klantinteracties/api/v1/klantcontacten/e394747f-7350-4ef9-b146-87a1250780b2","gingOverOnderwerpobjecten":[],"hadBetrokkenActoren":[],"omvatteBijlagen":[],"hadBetrokkenen":[],"leiddeTotInterneTaken":[],"nummer":"0000000130","kanaal":"boy","onderwerp":"material","inhoud":"Little
        back mother something.","indicatieContactGelukt":false,"taal":"nld","vertrouwelijk":true,"plaatsgevondenOp":"2001-05-13T09:35:28.147611Z"}'
    headers:
      API-version:
      - 0.1.2
      Allow:
      - GET, POST, HEAD, OPTIONS
      Content-Length:
      - '492'
      Content-Security-Policy:
      - 'default-src ''self''; script-src ''self'' ''unsafe-inline''; frame-src ''self'';
        base-uri ''self''; frame-ancestors ''none''; style-src ''self'' ''unsafe-inline''
        fonts.googleapis.com; font-src ''self'' fonts.gstatic.com; img-src ''self''
        data: cdn.redoc.ly; object-src ''none''; worker-src ''self'' blob:; form-action
        ''self'''
      Content-Type:
      - application/json
      Cross-Origin-Opener-Policy:
      - same-origin
      Location:
      - http://localhost:8338/klantinteracties/api/v1/klantcontacten/e394747f-7350-4ef9-b146-87a1250780b2
      Referrer-Policy:
      - same-origin
      Vary:
      - origin
      X-Content-Type-Options:
      - nosniff
      X-Frame-Options:
      - DENY
    status:
      code: 201
      message: Created
- request:
    body: null
    headers:
      Authorization:
      - Token b2eb1da9861da88743d72a3fb4344288fe2cba44
    method: GET
    uri: http://localhost:8338/klantinteracties/api/v1/klantcontacten?page=1
  response:
    body:
      string: '{"count":1,"next":null,"previous":null,"results":[{"uuid":"e394747f-7350-4ef9-b146-87a1250780b2","url":"http://localhost:8338/klantinteracties/api/v1/klantcontacten/e394747f-7350-4ef9-b146-87a1250780b2","gingOverOnderwerpobjecten":[],"hadBetrokkenActoren":[],"omvatteBijlagen":[],"hadBetrokkenen":[],"leiddeTotInterneTaken":[],"nummer":"0000000130","kanaal":"boy","onderwerp":"material","inhoud":"Little
        back mother something.","indicatieContactGelukt":false,"taal":"nld","vertrouwelijk":true,"plaatsgevondenOp":"2001-05-13T09:35:28.147611Z","_expand":{}}]}'
    headers:
      API-version:
      - 0.1.2
      Allow:
      - GET, POST, HEAD, OPTIONS
      Content-Length:
      - '557'
      Content-Security-Policy:
      - 'default-src ''self''; script-src ''self'' ''unsafe-inline''; frame-src ''self'';
        base-uri ''self''; frame-ancestors ''none''; style-src ''self'' ''unsafe-inline''
        fonts.googleapis.com; font-src ''self'' fonts.gstatic.com; img-src ''self''
        data: cdn.redoc.ly; object-src ''none''; worker-src ''self'' blob:; form-action
        ''self'''
      Content-Type:
      - application/json
      Cross-Origin-Opener-Policy:
      - same-origin
      Referrer-Policy:
      - same-origin
      Vary:
      - origin
      X-Content-Type-Options:
      - nosniff
      X-Frame-Options:
      - DENY
    status:
      code: 200
      message: OK
- request:
    body: null
    headers:
      Authorization:
      - Token b2eb1da9861da88743d72a3fb4344288fe2cba44
    method: GET
    uri: http://localhost:8338/klantinteracties/api/v1/klantcontacten?page=1&indicatieContactGelukt=True
  response:
    body:
      string: '{"count":0,"next":null,"previous":null,"results":[]}'
    headers:
      API-version:
      - 0.1.2
      Allow:
      - GET, POST, HEAD, OPTIONS
      Content-Length:
      - '52'
      Content-Security-Policy:
      - 'default-src ''self''; script-src ''self'' ''unsafe-inline''; frame-src ''self'';
        base-uri ''self''; frame-ancestors ''none''; style-src ''self'' ''unsafe-inline''
        fonts.googleapis.com; font-src ''self'' fonts.gstatic.com; img-src ''self''
        data: cdn.redoc.ly; object-src ''none''; worker-src ''self'' blob:; form-action
        ''self'''
      Content-Type:
      - application/json
      Cross-Origin-Opener-Policy:
      - same-origin
      Referrer-Policy:
      - same-origin
      Vary:
      - origin
      X-Content-Type-Options:
      - nosniff
      X-Frame-Options:
      - DENY
    status:
      code: 200
      message: OK
version: 1
