interactions:
- request:
    body: '{"nummer": "0000000131", "kanaal": "tax", "onderwerp": "administration",
      "inhoud": "Turn option interest.", "taal": "nld", "indicatieContactGelukt":
      false, "vertrouwelijk": false, "plaatsgevondenOp": "1996-11-17T04:48:17.757331"}'
    headers:
      Authorization:
      - Token b2eb1da9861da88743d72a3fb4344288fe2cba44
      Content-Length:
      - '229'
      Content-Type:
      - application/json
    method: POST
    uri: http://localhost:8338/klantinteracties/api/v1/klantcontacten
  response:
    body:
      string: '{"uuid":"a59846df-3440-4bda-a972-e0cab3089e5b","url":"http://localhost:8338/klantinteracties/api/v1/klantcontacten/a59846df-3440-4bda-a972-e0cab3089e5b","gingOverOnderwerpobjecten":[],"hadBetrokkenActoren":[],"omvatteBijlagen":[],"hadBetrokkenen":[],"leiddeTotInterneTaken":[],"nummer":"0000000131","kanaal":"tax","onderwerp":"administration","inhoud":"Turn
        option interest.","indicatieContactGelukt":false,"taal":"nld","vertrouwelijk":false,"plaatsgevondenOp":"1996-11-17T04:48:17.757331Z"}'
    headers:
      API-version:
      - 0.1.2
      Allow:
      - GET, POST, HEAD, OPTIONS
      Content-Length:
      - '491'
      Content-Security-Policy:
      - 'frame-ancestors ''none''; frame-src ''self''; worker-src ''self'' blob:;
        default-src ''self''; font-src ''self'' fonts.gstatic.com; object-src ''none'';
        img-src ''self'' data: cdn.redoc.ly; base-uri ''self''; style-src ''self''
        ''unsafe-inline'' fonts.googleapis.com; form-action ''self''; script-src ''self''
        ''unsafe-inline'''
      Content-Type:
      - application/json
      Cross-Origin-Opener-Policy:
      - same-origin
      Location:
      - http://localhost:8338/klantinteracties/api/v1/klantcontacten/a59846df-3440-4bda-a972-e0cab3089e5b
      Referrer-Policy:
      - same-origin
      Vary:
      - origin
      X-Content-Type-Options:
      - nosniff
      X-Frame-Options:
      - DENY
    status:
      code: 201
      message: Created
- request:
    body: null
    headers:
      Authorization:
      - Token b2eb1da9861da88743d72a3fb4344288fe2cba44
    method: GET
    uri: http://localhost:8338/klantinteracties/api/v1/klantcontacten?page=1
  response:
    body:
      string: '{"count":1,"next":null,"previous":null,"results":[{"uuid":"a59846df-3440-4bda-a972-e0cab3089e5b","url":"http://localhost:8338/klantinteracties/api/v1/klantcontacten/a59846df-3440-4bda-a972-e0cab3089e5b","gingOverOnderwerpobjecten":[],"hadBetrokkenActoren":[],"omvatteBijlagen":[],"hadBetrokkenen":[],"leiddeTotInterneTaken":[],"nummer":"0000000131","kanaal":"tax","onderwerp":"administration","inhoud":"Turn
        option interest.","indicatieContactGelukt":false,"taal":"nld","vertrouwelijk":false,"plaatsgevondenOp":"1996-11-17T04:48:17.757331Z","_expand":{}}]}'
    headers:
      API-version:
      - 0.1.2
      Allow:
      - GET, POST, HEAD, OPTIONS
      Content-Length:
      - '556'
      Content-Security-Policy:
      - 'frame-ancestors ''none''; frame-src ''self''; worker-src ''self'' blob:;
        default-src ''self''; font-src ''self'' fonts.gstatic.com; object-src ''none'';
        img-src ''self'' data: cdn.redoc.ly; base-uri ''self''; style-src ''self''
        ''unsafe-inline'' fonts.googleapis.com; form-action ''self''; script-src ''self''
        ''unsafe-inline'''
      Content-Type:
      - application/json
      Cross-Origin-Opener-Policy:
      - same-origin
      Referrer-Policy:
      - same-origin
      Vary:
      - origin
      X-Content-Type-Options:
      - nosniff
      X-Frame-Options:
      - DENY
    status:
      code: 200
      message: OK
- request:
    body: null
    headers:
      Authorization:
      - Token b2eb1da9861da88743d72a3fb4344288fe2cba44
    method: GET
    uri: http://localhost:8338/klantinteracties/api/v1/klantcontacten?page=1&indicatieContactGelukt=True
  response:
    body:
      string: '{"count":0,"next":null,"previous":null,"results":[]}'
    headers:
      API-version:
      - 0.1.2
      Allow:
      - GET, POST, HEAD, OPTIONS
      Content-Length:
      - '52'
      Content-Security-Policy:
      - 'frame-ancestors ''none''; frame-src ''self''; worker-src ''self'' blob:;
        default-src ''self''; font-src ''self'' fonts.gstatic.com; object-src ''none'';
        img-src ''self'' data: cdn.redoc.ly; base-uri ''self''; style-src ''self''
        ''unsafe-inline'' fonts.googleapis.com; form-action ''self''; script-src ''self''
        ''unsafe-inline'''
      Content-Type:
      - application/json
      Cross-Origin-Opener-Policy:
      - same-origin
      Referrer-Policy:
      - same-origin
      Vary:
      - origin
      X-Content-Type-Options:
      - nosniff
      X-Frame-Options:
      - DENY
    status:
      code: 200
      message: OK
version: 1
