interactions:
- request:
    body: '{"nummer": "0000000116", "kanaal": "suggest", "onderwerp": "home", "inhoud":
      "Since just charge nearly long.", "taal": "nld", "indicatieContactGelukt": false,
      "vertrouwelijk": false, "plaatsgevondenOp": "1995-10-11T20:14:41.351910"}'
    headers:
      Authorization:
      - Token b2eb1da9861da88743d72a3fb4344288fe2cba44
      Content-Length:
      - '232'
      Content-Type:
      - application/json
    method: POST
    uri: http://localhost:8338/klantinteracties/api/v1/klantcontacten
  response:
    body:
      string: '{"uuid":"66190d8b-5e3a-40d9-94ec-07f6fed60a21","url":"http://localhost:8338/klantinteracties/api/v1/klantcontacten/66190d8b-5e3a-40d9-94ec-07f6fed60a21","gingOverOnderwerpobjecten":[],"hadBetrokkenActoren":[],"omvatteBijlagen":[],"hadBetrokkenen":[],"leiddeTotInterneTaken":[],"nummer":"0000000116","kanaal":"suggest","onderwerp":"home","inhoud":"Since
        just charge nearly long.","indicatieContactGelukt":false,"taal":"nld","vertrouwelijk":false,"plaatsgevondenOp":"1995-10-11T20:14:41.351910Z"}'
    headers:
      API-version:
      - 0.0.4
      Allow:
      - GET, POST, HEAD, OPTIONS
      Content-Length:
      - '494'
      Content-Security-Policy:
      - 'frame-ancestors ''none''; object-src ''none''; style-src ''self'' ''unsafe-inline''
        fonts.googleapis.com; form-action ''self''; worker-src ''self'' blob:; base-uri
        ''self''; script-src ''self'' ''unsafe-inline''; img-src ''self'' data: cdn.redoc.ly;
        font-src ''self'' fonts.gstatic.com; frame-src ''self''; default-src ''self'''
      Content-Type:
      - application/json
      Cross-Origin-Opener-Policy:
      - same-origin
      Location:
      - http://localhost:8338/klantinteracties/api/v1/klantcontacten/66190d8b-5e3a-40d9-94ec-07f6fed60a21
      Referrer-Policy:
      - same-origin
      Vary:
      - origin
      X-Content-Type-Options:
      - nosniff
      X-Frame-Options:
      - DENY
    status:
      code: 201
      message: Created
- request:
    body: null
    headers:
      Authorization:
      - Token b2eb1da9861da88743d72a3fb4344288fe2cba44
    method: GET
    uri: http://localhost:8338/klantinteracties/api/v1/klantcontacten?page=1&indicatieContactGelukt=False
  response:
    body:
      string: '{"count":1,"next":null,"previous":null,"results":[{"uuid":"66190d8b-5e3a-40d9-94ec-07f6fed60a21","url":"http://localhost:8338/klantinteracties/api/v1/klantcontacten/66190d8b-5e3a-40d9-94ec-07f6fed60a21","gingOverOnderwerpobjecten":[],"hadBetrokkenActoren":[],"omvatteBijlagen":[],"hadBetrokkenen":[],"leiddeTotInterneTaken":[],"nummer":"0000000116","kanaal":"suggest","onderwerp":"home","inhoud":"Since
        just charge nearly long.","indicatieContactGelukt":false,"taal":"nld","vertrouwelijk":false,"plaatsgevondenOp":"1995-10-11T20:14:41.351910Z","_expand":{}}]}'
    headers:
      API-version:
      - 0.0.4
      Allow:
      - GET, POST, HEAD, OPTIONS
      Content-Length:
      - '559'
      Content-Security-Policy:
      - 'frame-ancestors ''none''; object-src ''none''; style-src ''self'' ''unsafe-inline''
        fonts.googleapis.com; form-action ''self''; worker-src ''self'' blob:; base-uri
        ''self''; script-src ''self'' ''unsafe-inline''; img-src ''self'' data: cdn.redoc.ly;
        font-src ''self'' fonts.gstatic.com; frame-src ''self''; default-src ''self'''
      Content-Type:
      - application/json
      Cross-Origin-Opener-Policy:
      - same-origin
      Referrer-Policy:
      - same-origin
      Vary:
      - origin
      X-Content-Type-Options:
      - nosniff
      X-Frame-Options:
      - DENY
    status:
      code: 200
      message: OK
- request:
    body: null
    headers:
      Authorization:
      - Token b2eb1da9861da88743d72a3fb4344288fe2cba44
    method: GET
    uri: http://localhost:8338/klantinteracties/api/v1/klantcontacten?page=1&indicatieContactGelukt=true
  response:
    body:
      string: '{"count":0,"next":null,"previous":null,"results":[]}'
    headers:
      API-version:
      - 0.0.4
      Allow:
      - GET, POST, HEAD, OPTIONS
      Content-Length:
      - '52'
      Content-Security-Policy:
      - 'frame-ancestors ''none''; object-src ''none''; style-src ''self'' ''unsafe-inline''
        fonts.googleapis.com; form-action ''self''; worker-src ''self'' blob:; base-uri
        ''self''; script-src ''self'' ''unsafe-inline''; img-src ''self'' data: cdn.redoc.ly;
        font-src ''self'' fonts.gstatic.com; frame-src ''self''; default-src ''self'''
      Content-Type:
      - application/json
      Cross-Origin-Opener-Policy:
      - same-origin
      Referrer-Policy:
      - same-origin
      Vary:
      - origin
      X-Content-Type-Options:
      - nosniff
      X-Frame-Options:
      - DENY
    status:
      code: 200
      message: OK
version: 1
