interactions:
- request:
    body: '{"nummer": "0000000114", "kanaal": "his", "onderwerp": "field", "inhoud":
      "Bad himself enjoy her able where color.", "taal": "nld", "indicatieContactGelukt":
      false, "vertrouwelijk": true, "plaatsgevondenOp": "2013-02-03T03:29:16.413505"}'
    headers:
      Authorization:
      - Token b2eb1da9861da88743d72a3fb4344288fe2cba44
      Content-Length:
      - '237'
      Content-Type:
      - application/json
    method: POST
    uri: http://localhost:8338/klantinteracties/api/v1/klantcontacten
  response:
    body:
      string: '{"uuid":"98232ed5-cd41-41a6-9af8-ba59362c60f7","url":"http://localhost:8338/klantinteracties/api/v1/klantcontacten/98232ed5-cd41-41a6-9af8-ba59362c60f7","gingOverOnderwerpobjecten":[],"hadBetrokkenActoren":[],"omvatteBijlagen":[],"hadBetrokkenen":[],"leiddeTotInterneTaken":[],"nummer":"0000000114","kanaal":"his","onderwerp":"field","inhoud":"Bad
        himself enjoy her able where color.","indicatieContactGelukt":false,"taal":"nld","vertrouwelijk":true,"plaatsgevondenOp":"2013-02-03T03:29:16.413505Z"}'
    headers:
      API-version:
      - 0.1.2
      Allow:
      - GET, POST, HEAD, OPTIONS
      Content-Length:
      - '499'
      Content-Security-Policy:
      - 'frame-ancestors ''none''; frame-src ''self''; worker-src ''self'' blob:;
        default-src ''self''; font-src ''self'' fonts.gstatic.com; object-src ''none'';
        img-src ''self'' data: cdn.redoc.ly; base-uri ''self''; style-src ''self''
        ''unsafe-inline'' fonts.googleapis.com; form-action ''self''; script-src ''self''
        ''unsafe-inline'''
      Content-Type:
      - application/json
      Cross-Origin-Opener-Policy:
      - same-origin
      Location:
      - http://localhost:8338/klantinteracties/api/v1/klantcontacten/98232ed5-cd41-41a6-9af8-ba59362c60f7
      Referrer-Policy:
      - same-origin
      Vary:
      - origin
      X-Content-Type-Options:
      - nosniff
      X-Frame-Options:
      - DENY
    status:
      code: 201
      message: Created
- request:
    body: null
    headers:
      Authorization:
      - Token b2eb1da9861da88743d72a3fb4344288fe2cba44
    method: GET
    uri: http://localhost:8338/klantinteracties/api/v1/klantcontacten?page=1&indicatieContactGelukt=False
  response:
    body:
      string: '{"count":1,"next":null,"previous":null,"results":[{"uuid":"98232ed5-cd41-41a6-9af8-ba59362c60f7","url":"http://localhost:8338/klantinteracties/api/v1/klantcontacten/98232ed5-cd41-41a6-9af8-ba59362c60f7","gingOverOnderwerpobjecten":[],"hadBetrokkenActoren":[],"omvatteBijlagen":[],"hadBetrokkenen":[],"leiddeTotInterneTaken":[],"nummer":"0000000114","kanaal":"his","onderwerp":"field","inhoud":"Bad
        himself enjoy her able where color.","indicatieContactGelukt":false,"taal":"nld","vertrouwelijk":true,"plaatsgevondenOp":"2013-02-03T03:29:16.413505Z","_expand":{}}]}'
    headers:
      API-version:
      - 0.1.2
      Allow:
      - GET, POST, HEAD, OPTIONS
      Content-Length:
      - '564'
      Content-Security-Policy:
      - 'frame-ancestors ''none''; frame-src ''self''; worker-src ''self'' blob:;
        default-src ''self''; font-src ''self'' fonts.gstatic.com; object-src ''none'';
        img-src ''self'' data: cdn.redoc.ly; base-uri ''self''; style-src ''self''
        ''unsafe-inline'' fonts.googleapis.com; form-action ''self''; script-src ''self''
        ''unsafe-inline'''
      Content-Type:
      - application/json
      Cross-Origin-Opener-Policy:
      - same-origin
      Referrer-Policy:
      - same-origin
      Vary:
      - origin
      X-Content-Type-Options:
      - nosniff
      X-Frame-Options:
      - DENY
    status:
      code: 200
      message: OK
- request:
    body: null
    headers:
      Authorization:
      - Token b2eb1da9861da88743d72a3fb4344288fe2cba44
    method: GET
    uri: http://localhost:8338/klantinteracties/api/v1/klantcontacten?page=1&indicatieContactGelukt=True
  response:
    body:
      string: '{"count":0,"next":null,"previous":null,"results":[]}'
    headers:
      API-version:
      - 0.1.2
      Allow:
      - GET, POST, HEAD, OPTIONS
      Content-Length:
      - '52'
      Content-Security-Policy:
      - 'frame-ancestors ''none''; frame-src ''self''; worker-src ''self'' blob:;
        default-src ''self''; font-src ''self'' fonts.gstatic.com; object-src ''none'';
        img-src ''self'' data: cdn.redoc.ly; base-uri ''self''; style-src ''self''
        ''unsafe-inline'' fonts.googleapis.com; form-action ''self''; script-src ''self''
        ''unsafe-inline'''
      Content-Type:
      - application/json
      Cross-Origin-Opener-Policy:
      - same-origin
      Referrer-Policy:
      - same-origin
      Vary:
      - origin
      X-Content-Type-Options:
      - nosniff
      X-Frame-Options:
      - DENY
    status:
      code: 200
      message: OK
version: 1
