interactions:
- request:
    body: '{"nummer": "0000000132", "kanaal": "truth", "onderwerp": "close", "inhoud":
      "Safe management set anything live force.", "taal": "nld", "indicatieContactGelukt":
      false, "vertrouwelijk": true, "plaatsgevondenOp": "2017-05-21T13:07:53.599653"}'
    headers:
      Authorization:
      - Token b2eb1da9861da88743d72a3fb4344288fe2cba44
      Content-Length:
      - '240'
      Content-Type:
      - application/json
    method: POST
    uri: http://localhost:8338/klantinteracties/api/v1/klantcontacten
  response:
    body:
      string: '{"uuid":"fe1ed363-51a0-4ea9-a4e5-b166376ab464","url":"http://localhost:8338/klantinteracties/api/v1/klantcontacten/fe1ed363-51a0-4ea9-a4e5-b166376ab464","gingOverOnderwerpobjecten":[],"hadBetrokkenActoren":[],"omvatteBijlagen":[],"hadBetrokkenen":[],"leiddeTotInterneTaken":[],"nummer":"0000000132","kanaal":"truth","onderwerp":"close","inhoud":"Safe
        management set anything live force.","indicatieContactGelukt":false,"taal":"nld","vertrouwelijk":true,"plaatsgevondenOp":"2017-05-21T13:07:53.599653Z"}'
    headers:
      API-version:
      - 0.1.2
      Allow:
      - GET, POST, HEAD, OPTIONS
      Content-Length:
      - '502'
      Content-Security-Policy:
      - 'style-src ''self'' ''unsafe-inline'' fonts.googleapis.com; base-uri ''self'';
        default-src ''self''; script-src ''self'' ''unsafe-inline''; object-src ''none'';
        form-action ''self''; frame-ancestors ''none''; font-src ''self'' fonts.gstatic.com;
        frame-src ''self''; img-src ''self'' data: cdn.redoc.ly; worker-src ''self''
        blob:'
      Content-Type:
      - application/json
      Cross-Origin-Opener-Policy:
      - same-origin
      Location:
      - http://localhost:8338/klantinteracties/api/v1/klantcontacten/fe1ed363-51a0-4ea9-a4e5-b166376ab464
      Referrer-Policy:
      - same-origin
      Vary:
      - origin
      X-Content-Type-Options:
      - nosniff
      X-Frame-Options:
      - DENY
    status:
      code: 201
      message: Created
- request:
    body: null
    headers:
      Authorization:
      - Token b2eb1da9861da88743d72a3fb4344288fe2cba44
    method: GET
    uri: http://localhost:8338/klantinteracties/api/v1/klantcontacten?page=1
  response:
    body:
      string: '{"count":1,"next":null,"previous":null,"results":[{"uuid":"fe1ed363-51a0-4ea9-a4e5-b166376ab464","url":"http://localhost:8338/klantinteracties/api/v1/klantcontacten/fe1ed363-51a0-4ea9-a4e5-b166376ab464","gingOverOnderwerpobjecten":[],"hadBetrokkenActoren":[],"omvatteBijlagen":[],"hadBetrokkenen":[],"leiddeTotInterneTaken":[],"nummer":"0000000132","kanaal":"truth","onderwerp":"close","inhoud":"Safe
        management set anything live force.","indicatieContactGelukt":false,"taal":"nld","vertrouwelijk":true,"plaatsgevondenOp":"2017-05-21T13:07:53.599653Z","_expand":{}}]}'
    headers:
      API-version:
      - 0.1.2
      Allow:
      - GET, POST, HEAD, OPTIONS
      Content-Length:
      - '567'
      Content-Security-Policy:
      - 'style-src ''self'' ''unsafe-inline'' fonts.googleapis.com; base-uri ''self'';
        default-src ''self''; script-src ''self'' ''unsafe-inline''; object-src ''none'';
        form-action ''self''; frame-ancestors ''none''; font-src ''self'' fonts.gstatic.com;
        frame-src ''self''; img-src ''self'' data: cdn.redoc.ly; worker-src ''self''
        blob:'
      Content-Type:
      - application/json
      Cross-Origin-Opener-Policy:
      - same-origin
      Referrer-Policy:
      - same-origin
      Vary:
      - origin
      X-Content-Type-Options:
      - nosniff
      X-Frame-Options:
      - DENY
    status:
      code: 200
      message: OK
- request:
    body: null
    headers:
      Authorization:
      - Token b2eb1da9861da88743d72a3fb4344288fe2cba44
    method: GET
    uri: http://localhost:8338/klantinteracties/api/v1/klantcontacten?page=1&indicatieContactGelukt=true
  response:
    body:
      string: '{"count":0,"next":null,"previous":null,"results":[]}'
    headers:
      API-version:
      - 0.1.2
      Allow:
      - GET, POST, HEAD, OPTIONS
      Content-Length:
      - '52'
      Content-Security-Policy:
      - 'style-src ''self'' ''unsafe-inline'' fonts.googleapis.com; base-uri ''self'';
        default-src ''self''; script-src ''self'' ''unsafe-inline''; object-src ''none'';
        form-action ''self''; frame-ancestors ''none''; font-src ''self'' fonts.gstatic.com;
        frame-src ''self''; img-src ''self'' data: cdn.redoc.ly; worker-src ''self''
        blob:'
      Content-Type:
      - application/json
      Cross-Origin-Opener-Policy:
      - same-origin
      Referrer-Policy:
      - same-origin
      Vary:
      - origin
      X-Content-Type-Options:
      - nosniff
      X-Frame-Options:
      - DENY
    status:
      code: 200
      message: OK
version: 1
