interactions:
- request:
    body: '{"nummer": "0000000121", "kanaal": "per", "onderwerp": "late", "inhoud":
      "Owner those key.", "taal": "nld", "indicatieContactGelukt": false, "vertrouwelijk":
      false, "plaatsgevondenOp": "1999-03-31T10:07:52.749100"}'
    headers:
      Authorization:
      - Token b2eb1da9861da88743d72a3fb4344288fe2cba44
      Content-Length:
      - '214'
      Content-Type:
      - application/json
    method: POST
    uri: http://localhost:8338/klantinteracties/api/v1/klantcontacten
  response:
    body:
      string: '{"uuid":"7e8de829-20ec-465b-8561-f84042cebddd","url":"http://localhost:8338/klantinteracties/api/v1/klantcontacten/7e8de829-20ec-465b-8561-f84042cebddd","gingOverOnderwerpobjecten":[],"hadBetrokkenActoren":[],"omvatteBijlagen":[],"hadBetrokkenen":[],"leiddeTotInterneTaken":[],"nummer":"0000000121","kanaal":"per","onderwerp":"late","inhoud":"Owner
        those key.","indicatieContactGelukt":false,"taal":"nld","vertrouwelijk":false,"plaatsgevondenOp":"1999-03-31T10:07:52.749100Z"}'
    headers:
      API-version:
      - 0.1.2
      Allow:
      - GET, POST, HEAD, OPTIONS
      Content-Length:
      - '476'
      Content-Security-Policy:
      - 'default-src ''self''; script-src ''self'' ''unsafe-inline''; frame-src ''self'';
        base-uri ''self''; frame-ancestors ''none''; style-src ''self'' ''unsafe-inline''
        fonts.googleapis.com; font-src ''self'' fonts.gstatic.com; img-src ''self''
        data: cdn.redoc.ly; object-src ''none''; worker-src ''self'' blob:; form-action
        ''self'''
      Content-Type:
      - application/json
      Cross-Origin-Opener-Policy:
      - same-origin
      Location:
      - http://localhost:8338/klantinteracties/api/v1/klantcontacten/7e8de829-20ec-465b-8561-f84042cebddd
      Referrer-Policy:
      - same-origin
      Vary:
      - origin
      X-Content-Type-Options:
      - nosniff
      X-Frame-Options:
      - DENY
    status:
      code: 201
      message: Created
- request:
    body: null
    headers:
      Authorization:
      - Token b2eb1da9861da88743d72a3fb4344288fe2cba44
    method: GET
    uri: http://localhost:8338/klantinteracties/api/v1/klantcontacten?page=1&indicatieContactGelukt=False
  response:
    body:
      string: '{"count":1,"next":null,"previous":null,"results":[{"uuid":"7e8de829-20ec-465b-8561-f84042cebddd","url":"http://localhost:8338/klantinteracties/api/v1/klantcontacten/7e8de829-20ec-465b-8561-f84042cebddd","gingOverOnderwerpobjecten":[],"hadBetrokkenActoren":[],"omvatteBijlagen":[],"hadBetrokkenen":[],"leiddeTotInterneTaken":[],"nummer":"0000000121","kanaal":"per","onderwerp":"late","inhoud":"Owner
        those key.","indicatieContactGelukt":false,"taal":"nld","vertrouwelijk":false,"plaatsgevondenOp":"1999-03-31T10:07:52.749100Z","_expand":{}}]}'
    headers:
      API-version:
      - 0.1.2
      Allow:
      - GET, POST, HEAD, OPTIONS
      Content-Length:
      - '541'
      Content-Security-Policy:
      - 'default-src ''self''; script-src ''self'' ''unsafe-inline''; frame-src ''self'';
        base-uri ''self''; frame-ancestors ''none''; style-src ''self'' ''unsafe-inline''
        fonts.googleapis.com; font-src ''self'' fonts.gstatic.com; img-src ''self''
        data: cdn.redoc.ly; object-src ''none''; worker-src ''self'' blob:; form-action
        ''self'''
      Content-Type:
      - application/json
      Cross-Origin-Opener-Policy:
      - same-origin
      Referrer-Policy:
      - same-origin
      Vary:
      - origin
      X-Content-Type-Options:
      - nosniff
      X-Frame-Options:
      - DENY
    status:
      code: 200
      message: OK
- request:
    body: null
    headers:
      Authorization:
      - Token b2eb1da9861da88743d72a3fb4344288fe2cba44
    method: GET
    uri: http://localhost:8338/klantinteracties/api/v1/klantcontacten?page=1&indicatieContactGelukt=TRUE
  response:
    body:
      string: '{"count":0,"next":null,"previous":null,"results":[]}'
    headers:
      API-version:
      - 0.1.2
      Allow:
      - GET, POST, HEAD, OPTIONS
      Content-Length:
      - '52'
      Content-Security-Policy:
      - 'default-src ''self''; script-src ''self'' ''unsafe-inline''; frame-src ''self'';
        base-uri ''self''; frame-ancestors ''none''; style-src ''self'' ''unsafe-inline''
        fonts.googleapis.com; font-src ''self'' fonts.gstatic.com; img-src ''self''
        data: cdn.redoc.ly; object-src ''none''; worker-src ''self'' blob:; form-action
        ''self'''
      Content-Type:
      - application/json
      Cross-Origin-Opener-Policy:
      - same-origin
      Referrer-Policy:
      - same-origin
      Vary:
      - origin
      X-Content-Type-Options:
      - nosniff
      X-Frame-Options:
      - DENY
    status:
      code: 200
      message: OK
version: 1
