interactions:
- request:
    body: '{"naam": "Kristi Jimenez", "soortActor": "geautomatiseerde_actor", "indicatieActief":
      true, "actoridentificator": {"objectId": "0000000001", "codeObjecttype": "form",
      "codeRegister": "your", "codeSoortObjectId": "go"}}'
    headers:
      Authorization:
      - Token b2eb1da9861da88743d72a3fb4344288fe2cba44
      Content-Length:
      - '218'
      Content-Type:
      - application/json
    method: POST
    uri: http://localhost:8338/klantinteracties/api/v1/actoren
  response:
    body:
      string: '{"uuid":"f4f008a4-1020-432c-b2fe-1e50e02429a0","url":"http://localhost:8338/klantinteracties/api/v1/actoren/f4f008a4-1020-432c-b2fe-1e50e02429a0","naam":"Kristi
        Jimenez","soortActor":"geautomatiseerde_actor","indicatieActief":true,"actoridentificator":{"objectId":"0000000001","codeObjecttype":"form","codeRegister":"your","codeSoortObjectId":"go"},"actorIdentificatie":null}'
    headers:
      API-version:
      - 0.1.2
      Allow:
      - GET, POST, HEAD, OPTIONS
      Content-Length:
      - '375'
      Content-Security-Policy:
      - 'frame-ancestors ''none''; frame-src ''self''; worker-src ''self'' blob:;
        default-src ''self''; font-src ''self'' fonts.gstatic.com; object-src ''none'';
        img-src ''self'' data: cdn.redoc.ly; base-uri ''self''; style-src ''self''
        ''unsafe-inline'' fonts.googleapis.com; form-action ''self''; script-src ''self''
        ''unsafe-inline'''
      Content-Type:
      - application/json
      Cross-Origin-Opener-Policy:
      - same-origin
      Location:
      - http://localhost:8338/klantinteracties/api/v1/actoren/f4f008a4-1020-432c-b2fe-1e50e02429a0
      Referrer-Policy:
      - same-origin
      Vary:
      - origin
      X-Content-Type-Options:
      - nosniff
      X-Frame-Options:
      - DENY
    status:
      code: 201
      message: Created
- request:
    body: '{"naam": "Gary Reid", "soortActor": "geautomatiseerde_actor", "indicatieActief":
      true, "actoridentificator": {"objectId": "0000000002", "codeObjecttype": "laugh",
      "codeRegister": "difficult", "codeSoortObjectId": "research"}}'
    headers:
      Authorization:
      - Token b2eb1da9861da88743d72a3fb4344288fe2cba44
      Content-Length:
      - '225'
      Content-Type:
      - application/json
    method: POST
    uri: http://localhost:8338/klantinteracties/api/v1/actoren
  response:
    body:
      string: '{"uuid":"5ec92b1a-a640-457c-9448-871144f8de04","url":"http://localhost:8338/klantinteracties/api/v1/actoren/5ec92b1a-a640-457c-9448-871144f8de04","naam":"Gary
        Reid","soortActor":"geautomatiseerde_actor","indicatieActief":true,"actoridentificator":{"objectId":"0000000002","codeObjecttype":"laugh","codeRegister":"difficult","codeSoortObjectId":"research"},"actorIdentificatie":null}'
    headers:
      API-version:
      - 0.1.2
      Allow:
      - GET, POST, HEAD, OPTIONS
      Content-Length:
      - '382'
      Content-Security-Policy:
      - 'frame-ancestors ''none''; frame-src ''self''; worker-src ''self'' blob:;
        default-src ''self''; font-src ''self'' fonts.gstatic.com; object-src ''none'';
        img-src ''self'' data: cdn.redoc.ly; base-uri ''self''; style-src ''self''
        ''unsafe-inline'' fonts.googleapis.com; form-action ''self''; script-src ''self''
        ''unsafe-inline'''
      Content-Type:
      - application/json
      Cross-Origin-Opener-Policy:
      - same-origin
      Location:
      - http://localhost:8338/klantinteracties/api/v1/actoren/5ec92b1a-a640-457c-9448-871144f8de04
      Referrer-Policy:
      - same-origin
      Vary:
      - origin
      X-Content-Type-Options:
      - nosniff
      X-Frame-Options:
      - DENY
    status:
      code: 201
      message: Created
- request:
    body: '{"naam": "Charles Kelley", "soortActor": "geautomatiseerde_actor", "indicatieActief":
      true, "actoridentificator": {"objectId": "0000000003", "codeObjecttype": "pretty",
      "codeRegister": "Republican", "codeSoortObjectId": "hospital"}}'
    headers:
      Authorization:
      - Token b2eb1da9861da88743d72a3fb4344288fe2cba44
      Content-Length:
      - '232'
      Content-Type:
      - application/json
    method: POST
    uri: http://localhost:8338/klantinteracties/api/v1/actoren
  response:
    body:
      string: '{"uuid":"f4c42261-eda5-4981-a6f2-a4e25e79ebb8","url":"http://localhost:8338/klantinteracties/api/v1/actoren/f4c42261-eda5-4981-a6f2-a4e25e79ebb8","naam":"Charles
        Kelley","soortActor":"geautomatiseerde_actor","indicatieActief":true,"actoridentificator":{"objectId":"0000000003","codeObjecttype":"pretty","codeRegister":"Republican","codeSoortObjectId":"hospital"},"actorIdentificatie":null}'
    headers:
      API-version:
      - 0.1.2
      Allow:
      - GET, POST, HEAD, OPTIONS
      Content-Length:
      - '389'
      Content-Security-Policy:
      - 'frame-ancestors ''none''; frame-src ''self''; worker-src ''self'' blob:;
        default-src ''self''; font-src ''self'' fonts.gstatic.com; object-src ''none'';
        img-src ''self'' data: cdn.redoc.ly; base-uri ''self''; style-src ''self''
        ''unsafe-inline'' fonts.googleapis.com; form-action ''self''; script-src ''self''
        ''unsafe-inline'''
      Content-Type:
      - application/json
      Cross-Origin-Opener-Policy:
      - same-origin
      Location:
      - http://localhost:8338/klantinteracties/api/v1/actoren/f4c42261-eda5-4981-a6f2-a4e25e79ebb8
      Referrer-Policy:
      - same-origin
      Vary:
      - origin
      X-Content-Type-Options:
      - nosniff
      X-Frame-Options:
      - DENY
    status:
      code: 201
      message: Created
- request:
    body: '{"naam": "Taylor Aguirre", "soortActor": "organisatorische_eenheid", "indicatieActief":
      true, "actoridentificator": {"objectId": "0000000004", "codeObjecttype": "data",
      "codeRegister": "as", "codeSoortObjectId": "society"}}'
    headers:
      Authorization:
      - Token b2eb1da9861da88743d72a3fb4344288fe2cba44
      Content-Length:
      - '223'
      Content-Type:
      - application/json
    method: POST
    uri: http://localhost:8338/klantinteracties/api/v1/actoren
  response:
    body:
      string: '{"uuid":"2e1f64a3-83ae-482f-9b5c-5b3afd41a8c4","url":"http://localhost:8338/klantinteracties/api/v1/actoren/2e1f64a3-83ae-482f-9b5c-5b3afd41a8c4","naam":"Taylor
        Aguirre","soortActor":"organisatorische_eenheid","indicatieActief":true,"actoridentificator":{"objectId":"0000000004","codeObjecttype":"data","codeRegister":"as","codeSoortObjectId":"society"},"actorIdentificatie":null}'
    headers:
      API-version:
      - 0.1.2
      Allow:
      - GET, POST, HEAD, OPTIONS
      Content-Length:
      - '380'
      Content-Security-Policy:
      - 'frame-ancestors ''none''; frame-src ''self''; worker-src ''self'' blob:;
        default-src ''self''; font-src ''self'' fonts.gstatic.com; object-src ''none'';
        img-src ''self'' data: cdn.redoc.ly; base-uri ''self''; style-src ''self''
        ''unsafe-inline'' fonts.googleapis.com; form-action ''self''; script-src ''self''
        ''unsafe-inline'''
      Content-Type:
      - application/json
      Cross-Origin-Opener-Policy:
      - same-origin
      Location:
      - http://localhost:8338/klantinteracties/api/v1/actoren/2e1f64a3-83ae-482f-9b5c-5b3afd41a8c4
      Referrer-Policy:
      - same-origin
      Vary:
      - origin
      X-Content-Type-Options:
      - nosniff
      X-Frame-Options:
      - DENY
    status:
      code: 201
      message: Created
- request:
    body: '{"naam": "Theresa Brown", "soortActor": "medewerker", "indicatieActief":
      true, "actoridentificator": {"objectId": "0000000005", "codeObjecttype": "morning",
      "codeRegister": "meet", "codeSoortObjectId": "rather"}}'
    headers:
      Authorization:
      - Token b2eb1da9861da88743d72a3fb4344288fe2cba44
      Content-Length:
      - '212'
      Content-Type:
      - application/json
    method: POST
    uri: http://localhost:8338/klantinteracties/api/v1/actoren
  response:
    body:
      string: '{"uuid":"02e7f7f7-bd07-45ab-af73-0791a3e458cb","url":"http://localhost:8338/klantinteracties/api/v1/actoren/02e7f7f7-bd07-45ab-af73-0791a3e458cb","naam":"Theresa
        Brown","soortActor":"medewerker","indicatieActief":true,"actoridentificator":{"objectId":"0000000005","codeObjecttype":"morning","codeRegister":"meet","codeSoortObjectId":"rather"},"actorIdentificatie":null}'
    headers:
      API-version:
      - 0.1.2
      Allow:
      - GET, POST, HEAD, OPTIONS
      Content-Length:
      - '369'
      Content-Security-Policy:
      - 'frame-ancestors ''none''; frame-src ''self''; worker-src ''self'' blob:;
        default-src ''self''; font-src ''self'' fonts.gstatic.com; object-src ''none'';
        img-src ''self'' data: cdn.redoc.ly; base-uri ''self''; style-src ''self''
        ''unsafe-inline'' fonts.googleapis.com; form-action ''self''; script-src ''self''
        ''unsafe-inline'''
      Content-Type:
      - application/json
      Cross-Origin-Opener-Policy:
      - same-origin
      Location:
      - http://localhost:8338/klantinteracties/api/v1/actoren/02e7f7f7-bd07-45ab-af73-0791a3e458cb
      Referrer-Policy:
      - same-origin
      Vary:
      - origin
      X-Content-Type-Options:
      - nosniff
      X-Frame-Options:
      - DENY
    status:
      code: 201
      message: Created
- request:
    body: null
    headers:
      Authorization:
      - Token b2eb1da9861da88743d72a3fb4344288fe2cba44
    method: GET
    uri: http://localhost:8338/klantinteracties/api/v1/actoren
  response:
    body:
      string: '{"count":5,"next":null,"previous":null,"results":[{"uuid":"02e7f7f7-bd07-45ab-af73-0791a3e458cb","url":"http://localhost:8338/klantinteracties/api/v1/actoren/02e7f7f7-bd07-45ab-af73-0791a3e458cb","naam":"Theresa
        Brown","soortActor":"medewerker","indicatieActief":true,"actoridentificator":{"objectId":"0000000005","codeObjecttype":"morning","codeRegister":"meet","codeSoortObjectId":"rather"},"actorIdentificatie":null},{"uuid":"2e1f64a3-83ae-482f-9b5c-5b3afd41a8c4","url":"http://localhost:8338/klantinteracties/api/v1/actoren/2e1f64a3-83ae-482f-9b5c-5b3afd41a8c4","naam":"Taylor
        Aguirre","soortActor":"organisatorische_eenheid","indicatieActief":true,"actoridentificator":{"objectId":"0000000004","codeObjecttype":"data","codeRegister":"as","codeSoortObjectId":"society"},"actorIdentificatie":null},{"uuid":"f4c42261-eda5-4981-a6f2-a4e25e79ebb8","url":"http://localhost:8338/klantinteracties/api/v1/actoren/f4c42261-eda5-4981-a6f2-a4e25e79ebb8","naam":"Charles
        Kelley","soortActor":"geautomatiseerde_actor","indicatieActief":true,"actoridentificator":{"objectId":"0000000003","codeObjecttype":"pretty","codeRegister":"Republican","codeSoortObjectId":"hospital"},"actorIdentificatie":null},{"uuid":"5ec92b1a-a640-457c-9448-871144f8de04","url":"http://localhost:8338/klantinteracties/api/v1/actoren/5ec92b1a-a640-457c-9448-871144f8de04","naam":"Gary
        Reid","soortActor":"geautomatiseerde_actor","indicatieActief":true,"actoridentificator":{"objectId":"0000000002","codeObjecttype":"laugh","codeRegister":"difficult","codeSoortObjectId":"research"},"actorIdentificatie":null},{"uuid":"f4f008a4-1020-432c-b2fe-1e50e02429a0","url":"http://localhost:8338/klantinteracties/api/v1/actoren/f4f008a4-1020-432c-b2fe-1e50e02429a0","naam":"Kristi
        Jimenez","soortActor":"geautomatiseerde_actor","indicatieActief":true,"actoridentificator":{"objectId":"0000000001","codeObjecttype":"form","codeRegister":"your","codeSoortObjectId":"go"},"actorIdentificatie":null}]}'
    headers:
      API-version:
      - 0.1.2
      Allow:
      - GET, POST, HEAD, OPTIONS
      Content-Length:
      - '1951'
      Content-Security-Policy:
      - 'frame-ancestors ''none''; frame-src ''self''; worker-src ''self'' blob:;
        default-src ''self''; font-src ''self'' fonts.gstatic.com; object-src ''none'';
        img-src ''self'' data: cdn.redoc.ly; base-uri ''self''; style-src ''self''
        ''unsafe-inline'' fonts.googleapis.com; form-action ''self''; script-src ''self''
        ''unsafe-inline'''
      Content-Type:
      - application/json
      Cross-Origin-Opener-Policy:
      - same-origin
      Referrer-Policy:
      - same-origin
      Vary:
      - origin
      X-Content-Type-Options:
      - nosniff
      X-Frame-Options:
      - DENY
    status:
      code: 200
      message: OK
version: 1
