interactions:
- request:
    body: '{"nummer": "0000000110", "kanaal": "treatment", "onderwerp": "soldier",
      "inhoud": "Organization explain former stay recent.", "taal": "nld", "indicatieContactGelukt":
      true, "vertrouwelijk": false, "plaatsgevondenOp": "2025-03-14T14:56:06.900808"}'
    headers:
      Authorization:
      - Token b2eb1da9861da88743d72a3fb4344288fe2cba44
      Content-Length:
      - '246'
      Content-Type:
      - application/json
    method: POST
    uri: http://localhost:8338/klantinteracties/api/v1/klantcontacten
  response:
    body:
      string: '{"uuid":"4b8c9276-745f-4c24-90e7-bbb654e8dc9f","url":"http://localhost:8338/klantinteracties/api/v1/klantcontacten/4b8c9276-745f-4c24-90e7-bbb654e8dc9f","gingOverOnderwerpobjecten":[],"hadBetrokkenActoren":[],"omvatteBijlagen":[],"hadBetrokkenen":[],"leiddeTotInterneTaken":[],"nummer":"0000000110","kanaal":"treatment","onderwerp":"soldier","inhoud":"Organization
        explain former stay recent.","indicatieContactGelukt":true,"taal":"nld","vertrouwelijk":false,"plaatsgevondenOp":"2025-03-14T14:56:06.900808Z"}'
    headers:
      API-version:
      - 0.1.2
      Allow:
      - GET, POST, HEAD, OPTIONS
      Content-Length:
      - '508'
      Content-Security-Policy:
      - 'style-src ''self'' ''unsafe-inline'' fonts.googleapis.com; base-uri ''self'';
        default-src ''self''; script-src ''self'' ''unsafe-inline''; object-src ''none'';
        form-action ''self''; frame-ancestors ''none''; font-src ''self'' fonts.gstatic.com;
        frame-src ''self''; img-src ''self'' data: cdn.redoc.ly; worker-src ''self''
        blob:'
      Content-Type:
      - application/json
      Cross-Origin-Opener-Policy:
      - same-origin
      Location:
      - http://localhost:8338/klantinteracties/api/v1/klantcontacten/4b8c9276-745f-4c24-90e7-bbb654e8dc9f
      Referrer-Policy:
      - same-origin
      Vary:
      - origin
      X-Content-Type-Options:
      - nosniff
      X-Frame-Options:
      - DENY
    status:
      code: 201
      message: Created
- request:
    body: '{"naam": "Meghan Carrillo", "soortActor": "medewerker", "indicatieActief":
      true, "actoridentificator": {"objectId": "0000000026", "codeObjecttype": "compare",
      "codeRegister": "rich", "codeSoortObjectId": "operation"}}'
    headers:
      Authorization:
      - Token b2eb1da9861da88743d72a3fb4344288fe2cba44
      Content-Length:
      - '217'
      Content-Type:
      - application/json
    method: POST
    uri: http://localhost:8338/klantinteracties/api/v1/actoren
  response:
    body:
      string: '{"uuid":"d6dacbec-dc6b-40f7-82dd-130072a1adac","url":"http://localhost:8338/klantinteracties/api/v1/actoren/d6dacbec-dc6b-40f7-82dd-130072a1adac","naam":"Meghan
        Carrillo","soortActor":"medewerker","indicatieActief":true,"actoridentificator":{"objectId":"0000000026","codeObjecttype":"compare","codeRegister":"rich","codeSoortObjectId":"operation"},"actorIdentificatie":null}'
    headers:
      API-version:
      - 0.1.2
      Allow:
      - GET, POST, HEAD, OPTIONS
      Content-Length:
      - '374'
      Content-Security-Policy:
      - 'style-src ''self'' ''unsafe-inline'' fonts.googleapis.com; base-uri ''self'';
        default-src ''self''; script-src ''self'' ''unsafe-inline''; object-src ''none'';
        form-action ''self''; frame-ancestors ''none''; font-src ''self'' fonts.gstatic.com;
        frame-src ''self''; img-src ''self'' data: cdn.redoc.ly; worker-src ''self''
        blob:'
      Content-Type:
      - application/json
      Cross-Origin-Opener-Policy:
      - same-origin
      Location:
      - http://localhost:8338/klantinteracties/api/v1/actoren/d6dacbec-dc6b-40f7-82dd-130072a1adac
      Referrer-Policy:
      - same-origin
      Vary:
      - origin
      X-Content-Type-Options:
      - nosniff
      X-Frame-Options:
      - DENY
    status:
      code: 201
      message: Created
- request:
    body: '{"nummer": "0000000001", "gevraagdeHandeling": "similar", "aanleidinggevendKlantcontact":
      {"uuid": "4b8c9276-745f-4c24-90e7-bbb654e8dc9f"}, "toegewezenAanActor": {"uuid":
      "d6dacbec-dc6b-40f7-82dd-130072a1adac"}, "status": "verwerkt"}'
    headers:
      Authorization:
      - Token b2eb1da9861da88743d72a3fb4344288fe2cba44
      Content-Length:
      - '233'
      Content-Type:
      - application/json
    method: POST
    uri: http://localhost:8338/klantinteracties/api/v1/internetaken
  response:
    body:
      string: '{"uuid":"4f85dde4-9902-4cb0-9a26-c4753b1053cb","url":"http://localhost:8338/klantinteracties/api/v1/internetaken/4f85dde4-9902-4cb0-9a26-c4753b1053cb","nummer":"0000000001","gevraagdeHandeling":"similar","aanleidinggevendKlantcontact":{"uuid":"4b8c9276-745f-4c24-90e7-bbb654e8dc9f","url":"http://localhost:8338/klantinteracties/api/v1/klantcontacten/4b8c9276-745f-4c24-90e7-bbb654e8dc9f"},"toegewezenAanActor":{"uuid":"d6dacbec-dc6b-40f7-82dd-130072a1adac","url":"http://localhost:8338/klantinteracties/api/v1/actoren/d6dacbec-dc6b-40f7-82dd-130072a1adac"},"toegewezenAanActoren":[{"uuid":"d6dacbec-dc6b-40f7-82dd-130072a1adac","url":"http://localhost:8338/klantinteracties/api/v1/actoren/d6dacbec-dc6b-40f7-82dd-130072a1adac"}],"toelichting":"","status":"verwerkt","toegewezenOp":"2025-04-08T14:24:06.840293Z","afgehandeldOp":"2025-04-08T14:24:06.840189Z"}'
    headers:
      API-version:
      - 0.1.2
      Allow:
      - GET, POST, HEAD, OPTIONS
      Content-Length:
      - '857'
      Content-Security-Policy:
      - 'style-src ''self'' ''unsafe-inline'' fonts.googleapis.com; base-uri ''self'';
        default-src ''self''; script-src ''self'' ''unsafe-inline''; object-src ''none'';
        form-action ''self''; frame-ancestors ''none''; font-src ''self'' fonts.gstatic.com;
        frame-src ''self''; img-src ''self'' data: cdn.redoc.ly; worker-src ''self''
        blob:'
      Content-Type:
      - application/json
      Cross-Origin-Opener-Policy:
      - same-origin
      Location:
      - http://localhost:8338/klantinteracties/api/v1/internetaken/4f85dde4-9902-4cb0-9a26-c4753b1053cb
      Referrer-Policy:
      - same-origin
      Vary:
      - origin
      X-Content-Type-Options:
      - nosniff
      X-Frame-Options:
      - DENY
    status:
      code: 201
      message: Created
- request:
    body: '{"nummer": "0000000002", "gevraagdeHandeling": "American", "aanleidinggevendKlantcontact":
      {"uuid": "4b8c9276-745f-4c24-90e7-bbb654e8dc9f"}, "toegewezenAanActor": {"uuid":
      "d6dacbec-dc6b-40f7-82dd-130072a1adac"}, "status": "verwerkt"}'
    headers:
      Authorization:
      - Token b2eb1da9861da88743d72a3fb4344288fe2cba44
      Content-Length:
      - '234'
      Content-Type:
      - application/json
    method: POST
    uri: http://localhost:8338/klantinteracties/api/v1/internetaken
  response:
    body:
      string: '{"uuid":"1f25979c-b3b3-44bc-88b2-9be328903099","url":"http://localhost:8338/klantinteracties/api/v1/internetaken/1f25979c-b3b3-44bc-88b2-9be328903099","nummer":"0000000002","gevraagdeHandeling":"American","aanleidinggevendKlantcontact":{"uuid":"4b8c9276-745f-4c24-90e7-bbb654e8dc9f","url":"http://localhost:8338/klantinteracties/api/v1/klantcontacten/4b8c9276-745f-4c24-90e7-bbb654e8dc9f"},"toegewezenAanActor":{"uuid":"d6dacbec-dc6b-40f7-82dd-130072a1adac","url":"http://localhost:8338/klantinteracties/api/v1/actoren/d6dacbec-dc6b-40f7-82dd-130072a1adac"},"toegewezenAanActoren":[{"uuid":"d6dacbec-dc6b-40f7-82dd-130072a1adac","url":"http://localhost:8338/klantinteracties/api/v1/actoren/d6dacbec-dc6b-40f7-82dd-130072a1adac"}],"toelichting":"","status":"verwerkt","toegewezenOp":"2025-04-08T14:24:06.856503Z","afgehandeldOp":"2025-04-08T14:24:06.856424Z"}'
    headers:
      API-version:
      - 0.1.2
      Allow:
      - GET, POST, HEAD, OPTIONS
      Content-Length:
      - '858'
      Content-Security-Policy:
      - 'style-src ''self'' ''unsafe-inline'' fonts.googleapis.com; base-uri ''self'';
        default-src ''self''; script-src ''self'' ''unsafe-inline''; object-src ''none'';
        form-action ''self''; frame-ancestors ''none''; font-src ''self'' fonts.gstatic.com;
        frame-src ''self''; img-src ''self'' data: cdn.redoc.ly; worker-src ''self''
        blob:'
      Content-Type:
      - application/json
      Cross-Origin-Opener-Policy:
      - same-origin
      Location:
      - http://localhost:8338/klantinteracties/api/v1/internetaken/1f25979c-b3b3-44bc-88b2-9be328903099
      Referrer-Policy:
      - same-origin
      Vary:
      - origin
      X-Content-Type-Options:
      - nosniff
      X-Frame-Options:
      - DENY
    status:
      code: 201
      message: Created
- request:
    body: '{"nummer": "0000000003", "gevraagdeHandeling": "child", "aanleidinggevendKlantcontact":
      {"uuid": "4b8c9276-745f-4c24-90e7-bbb654e8dc9f"}, "toegewezenAanActor": {"uuid":
      "d6dacbec-dc6b-40f7-82dd-130072a1adac"}, "status": "te_verwerken"}'
    headers:
      Authorization:
      - Token b2eb1da9861da88743d72a3fb4344288fe2cba44
      Content-Length:
      - '235'
      Content-Type:
      - application/json
    method: POST
    uri: http://localhost:8338/klantinteracties/api/v1/internetaken
  response:
    body:
      string: '{"uuid":"e00467f0-e92d-43e6-9d4f-4749bf0679b2","url":"http://localhost:8338/klantinteracties/api/v1/internetaken/e00467f0-e92d-43e6-9d4f-4749bf0679b2","nummer":"0000000003","gevraagdeHandeling":"child","aanleidinggevendKlantcontact":{"uuid":"4b8c9276-745f-4c24-90e7-bbb654e8dc9f","url":"http://localhost:8338/klantinteracties/api/v1/klantcontacten/4b8c9276-745f-4c24-90e7-bbb654e8dc9f"},"toegewezenAanActor":{"uuid":"d6dacbec-dc6b-40f7-82dd-130072a1adac","url":"http://localhost:8338/klantinteracties/api/v1/actoren/d6dacbec-dc6b-40f7-82dd-130072a1adac"},"toegewezenAanActoren":[{"uuid":"d6dacbec-dc6b-40f7-82dd-130072a1adac","url":"http://localhost:8338/klantinteracties/api/v1/actoren/d6dacbec-dc6b-40f7-82dd-130072a1adac"}],"toelichting":"","status":"te_verwerken","toegewezenOp":"2025-04-08T14:24:06.869288Z","afgehandeldOp":null}'
    headers:
      API-version:
      - 0.1.2
      Allow:
      - GET, POST, HEAD, OPTIONS
      Content-Length:
      - '834'
      Content-Security-Policy:
      - 'style-src ''self'' ''unsafe-inline'' fonts.googleapis.com; base-uri ''self'';
        default-src ''self''; script-src ''self'' ''unsafe-inline''; object-src ''none'';
        form-action ''self''; frame-ancestors ''none''; font-src ''self'' fonts.gstatic.com;
        frame-src ''self''; img-src ''self'' data: cdn.redoc.ly; worker-src ''self''
        blob:'
      Content-Type:
      - application/json
      Cross-Origin-Opener-Policy:
      - same-origin
      Location:
      - http://localhost:8338/klantinteracties/api/v1/internetaken/e00467f0-e92d-43e6-9d4f-4749bf0679b2
      Referrer-Policy:
      - same-origin
      Vary:
      - origin
      X-Content-Type-Options:
      - nosniff
      X-Frame-Options:
      - DENY
    status:
      code: 201
      message: Created
- request:
    body: '{"nummer": "0000000004", "gevraagdeHandeling": "southern", "aanleidinggevendKlantcontact":
      {"uuid": "4b8c9276-745f-4c24-90e7-bbb654e8dc9f"}, "toegewezenAanActor": {"uuid":
      "d6dacbec-dc6b-40f7-82dd-130072a1adac"}, "status": "verwerkt"}'
    headers:
      Authorization:
      - Token b2eb1da9861da88743d72a3fb4344288fe2cba44
      Content-Length:
      - '234'
      Content-Type:
      - application/json
    method: POST
    uri: http://localhost:8338/klantinteracties/api/v1/internetaken
  response:
    body:
      string: '{"uuid":"3790c7ee-4d16-4a03-b839-e1f1a4c28e32","url":"http://localhost:8338/klantinteracties/api/v1/internetaken/3790c7ee-4d16-4a03-b839-e1f1a4c28e32","nummer":"0000000004","gevraagdeHandeling":"southern","aanleidinggevendKlantcontact":{"uuid":"4b8c9276-745f-4c24-90e7-bbb654e8dc9f","url":"http://localhost:8338/klantinteracties/api/v1/klantcontacten/4b8c9276-745f-4c24-90e7-bbb654e8dc9f"},"toegewezenAanActor":{"uuid":"d6dacbec-dc6b-40f7-82dd-130072a1adac","url":"http://localhost:8338/klantinteracties/api/v1/actoren/d6dacbec-dc6b-40f7-82dd-130072a1adac"},"toegewezenAanActoren":[{"uuid":"d6dacbec-dc6b-40f7-82dd-130072a1adac","url":"http://localhost:8338/klantinteracties/api/v1/actoren/d6dacbec-dc6b-40f7-82dd-130072a1adac"}],"toelichting":"","status":"verwerkt","toegewezenOp":"2025-04-08T14:24:06.881271Z","afgehandeldOp":"2025-04-08T14:24:06.881205Z"}'
    headers:
      API-version:
      - 0.1.2
      Allow:
      - GET, POST, HEAD, OPTIONS
      Content-Length:
      - '858'
      Content-Security-Policy:
      - 'style-src ''self'' ''unsafe-inline'' fonts.googleapis.com; base-uri ''self'';
        default-src ''self''; script-src ''self'' ''unsafe-inline''; object-src ''none'';
        form-action ''self''; frame-ancestors ''none''; font-src ''self'' fonts.gstatic.com;
        frame-src ''self''; img-src ''self'' data: cdn.redoc.ly; worker-src ''self''
        blob:'
      Content-Type:
      - application/json
      Cross-Origin-Opener-Policy:
      - same-origin
      Location:
      - http://localhost:8338/klantinteracties/api/v1/internetaken/3790c7ee-4d16-4a03-b839-e1f1a4c28e32
      Referrer-Policy:
      - same-origin
      Vary:
      - origin
      X-Content-Type-Options:
      - nosniff
      X-Frame-Options:
      - DENY
    status:
      code: 201
      message: Created
- request:
    body: '{"nummer": "0000000005", "gevraagdeHandeling": "senior", "aanleidinggevendKlantcontact":
      {"uuid": "4b8c9276-745f-4c24-90e7-bbb654e8dc9f"}, "toegewezenAanActor": {"uuid":
      "d6dacbec-dc6b-40f7-82dd-130072a1adac"}, "status": "te_verwerken"}'
    headers:
      Authorization:
      - Token b2eb1da9861da88743d72a3fb4344288fe2cba44
      Content-Length:
      - '236'
      Content-Type:
      - application/json
    method: POST
    uri: http://localhost:8338/klantinteracties/api/v1/internetaken
  response:
    body:
      string: '{"uuid":"41e043ed-210e-4f57-a5e2-6b41f68ef2d5","url":"http://localhost:8338/klantinteracties/api/v1/internetaken/41e043ed-210e-4f57-a5e2-6b41f68ef2d5","nummer":"0000000005","gevraagdeHandeling":"senior","aanleidinggevendKlantcontact":{"uuid":"4b8c9276-745f-4c24-90e7-bbb654e8dc9f","url":"http://localhost:8338/klantinteracties/api/v1/klantcontacten/4b8c9276-745f-4c24-90e7-bbb654e8dc9f"},"toegewezenAanActor":{"uuid":"d6dacbec-dc6b-40f7-82dd-130072a1adac","url":"http://localhost:8338/klantinteracties/api/v1/actoren/d6dacbec-dc6b-40f7-82dd-130072a1adac"},"toegewezenAanActoren":[{"uuid":"d6dacbec-dc6b-40f7-82dd-130072a1adac","url":"http://localhost:8338/klantinteracties/api/v1/actoren/d6dacbec-dc6b-40f7-82dd-130072a1adac"}],"toelichting":"","status":"te_verwerken","toegewezenOp":"2025-04-08T14:24:06.891432Z","afgehandeldOp":null}'
    headers:
      API-version:
      - 0.1.2
      Allow:
      - GET, POST, HEAD, OPTIONS
      Content-Length:
      - '835'
      Content-Security-Policy:
      - 'style-src ''self'' ''unsafe-inline'' fonts.googleapis.com; base-uri ''self'';
        default-src ''self''; script-src ''self'' ''unsafe-inline''; object-src ''none'';
        form-action ''self''; frame-ancestors ''none''; font-src ''self'' fonts.gstatic.com;
        frame-src ''self''; img-src ''self'' data: cdn.redoc.ly; worker-src ''self''
        blob:'
      Content-Type:
      - application/json
      Cross-Origin-Opener-Policy:
      - same-origin
      Location:
      - http://localhost:8338/klantinteracties/api/v1/internetaken/41e043ed-210e-4f57-a5e2-6b41f68ef2d5
      Referrer-Policy:
      - same-origin
      Vary:
      - origin
      X-Content-Type-Options:
      - nosniff
      X-Frame-Options:
      - DENY
    status:
      code: 201
      message: Created
- request:
    body: null
    headers:
      Authorization:
      - Token b2eb1da9861da88743d72a3fb4344288fe2cba44
    method: GET
    uri: http://localhost:8338/klantinteracties/api/v1/internetaken
  response:
    body:
      string: '{"count":5,"next":null,"previous":null,"results":[{"uuid":"41e043ed-210e-4f57-a5e2-6b41f68ef2d5","url":"http://localhost:8338/klantinteracties/api/v1/internetaken/41e043ed-210e-4f57-a5e2-6b41f68ef2d5","nummer":"0000000005","gevraagdeHandeling":"senior","aanleidinggevendKlantcontact":{"uuid":"4b8c9276-745f-4c24-90e7-bbb654e8dc9f","url":"http://localhost:8338/klantinteracties/api/v1/klantcontacten/4b8c9276-745f-4c24-90e7-bbb654e8dc9f"},"toegewezenAanActor":{"uuid":"d6dacbec-dc6b-40f7-82dd-130072a1adac","url":"http://localhost:8338/klantinteracties/api/v1/actoren/d6dacbec-dc6b-40f7-82dd-130072a1adac"},"toegewezenAanActoren":[{"uuid":"d6dacbec-dc6b-40f7-82dd-130072a1adac","url":"http://localhost:8338/klantinteracties/api/v1/actoren/d6dacbec-dc6b-40f7-82dd-130072a1adac"}],"toelichting":"","status":"te_verwerken","toegewezenOp":"2025-04-08T14:24:06.891432Z","afgehandeldOp":null},{"uuid":"3790c7ee-4d16-4a03-b839-e1f1a4c28e32","url":"http://localhost:8338/klantinteracties/api/v1/internetaken/3790c7ee-4d16-4a03-b839-e1f1a4c28e32","nummer":"0000000004","gevraagdeHandeling":"southern","aanleidinggevendKlantcontact":{"uuid":"4b8c9276-745f-4c24-90e7-bbb654e8dc9f","url":"http://localhost:8338/klantinteracties/api/v1/klantcontacten/4b8c9276-745f-4c24-90e7-bbb654e8dc9f"},"toegewezenAanActor":{"uuid":"d6dacbec-dc6b-40f7-82dd-130072a1adac","url":"http://localhost:8338/klantinteracties/api/v1/actoren/d6dacbec-dc6b-40f7-82dd-130072a1adac"},"toegewezenAanActoren":[{"uuid":"d6dacbec-dc6b-40f7-82dd-130072a1adac","url":"http://localhost:8338/klantinteracties/api/v1/actoren/d6dacbec-dc6b-40f7-82dd-130072a1adac"}],"toelichting":"","status":"verwerkt","toegewezenOp":"2025-04-08T14:24:06.881271Z","afgehandeldOp":"2025-04-08T14:24:06.881205Z"},{"uuid":"e00467f0-e92d-43e6-9d4f-4749bf0679b2","url":"http://localhost:8338/klantinteracties/api/v1/internetaken/e00467f0-e92d-43e6-9d4f-4749bf0679b2","nummer":"0000000003","gevraagdeHandeling":"child","aanleidinggevendKlantcontact":{"uuid":"4b8c9276-745f-4c24-90e7-bbb654e8dc9f","url":"http://localhost:8338/klantinteracties/api/v1/klantcontacten/4b8c9276-745f-4c24-90e7-bbb654e8dc9f"},"toegewezenAanActor":{"uuid":"d6dacbec-dc6b-40f7-82dd-130072a1adac","url":"http://localhost:8338/klantinteracties/api/v1/actoren/d6dacbec-dc6b-40f7-82dd-130072a1adac"},"toegewezenAanActoren":[{"uuid":"d6dacbec-dc6b-40f7-82dd-130072a1adac","url":"http://localhost:8338/klantinteracties/api/v1/actoren/d6dacbec-dc6b-40f7-82dd-130072a1adac"}],"toelichting":"","status":"te_verwerken","toegewezenOp":"2025-04-08T14:24:06.869288Z","afgehandeldOp":null},{"uuid":"1f25979c-b3b3-44bc-88b2-9be328903099","url":"http://localhost:8338/klantinteracties/api/v1/internetaken/1f25979c-b3b3-44bc-88b2-9be328903099","nummer":"0000000002","gevraagdeHandeling":"American","aanleidinggevendKlantcontact":{"uuid":"4b8c9276-745f-4c24-90e7-bbb654e8dc9f","url":"http://localhost:8338/klantinteracties/api/v1/klantcontacten/4b8c9276-745f-4c24-90e7-bbb654e8dc9f"},"toegewezenAanActor":{"uuid":"d6dacbec-dc6b-40f7-82dd-130072a1adac","url":"http://localhost:8338/klantinteracties/api/v1/actoren/d6dacbec-dc6b-40f7-82dd-130072a1adac"},"toegewezenAanActoren":[{"uuid":"d6dacbec-dc6b-40f7-82dd-130072a1adac","url":"http://localhost:8338/klantinteracties/api/v1/actoren/d6dacbec-dc6b-40f7-82dd-130072a1adac"}],"toelichting":"","status":"verwerkt","toegewezenOp":"2025-04-08T14:24:06.856503Z","afgehandeldOp":"2025-04-08T14:24:06.856424Z"},{"uuid":"4f85dde4-9902-4cb0-9a26-c4753b1053cb","url":"http://localhost:8338/klantinteracties/api/v1/internetaken/4f85dde4-9902-4cb0-9a26-c4753b1053cb","nummer":"0000000001","gevraagdeHandeling":"similar","aanleidinggevendKlantcontact":{"uuid":"4b8c9276-745f-4c24-90e7-bbb654e8dc9f","url":"http://localhost:8338/klantinteracties/api/v1/klantcontacten/4b8c9276-745f-4c24-90e7-bbb654e8dc9f"},"toegewezenAanActor":{"uuid":"d6dacbec-dc6b-40f7-82dd-130072a1adac","url":"http://localhost:8338/klantinteracties/api/v1/actoren/d6dacbec-dc6b-40f7-82dd-130072a1adac"},"toegewezenAanActoren":[{"uuid":"d6dacbec-dc6b-40f7-82dd-130072a1adac","url":"http://localhost:8338/klantinteracties/api/v1/actoren/d6dacbec-dc6b-40f7-82dd-130072a1adac"}],"toelichting":"","status":"verwerkt","toegewezenOp":"2025-04-08T14:24:06.840293Z","afgehandeldOp":"2025-04-08T14:24:06.840189Z"}]}'
    headers:
      API-version:
      - 0.1.2
      Allow:
      - GET, POST, HEAD, OPTIONS
      Content-Length:
      - '4298'
      Content-Security-Policy:
      - 'style-src ''self'' ''unsafe-inline'' fonts.googleapis.com; base-uri ''self'';
        default-src ''self''; script-src ''self'' ''unsafe-inline''; object-src ''none'';
        form-action ''self''; frame-ancestors ''none''; font-src ''self'' fonts.gstatic.com;
        frame-src ''self''; img-src ''self'' data: cdn.redoc.ly; worker-src ''self''
        blob:'
      Content-Type:
      - application/json
      Cross-Origin-Opener-Policy:
      - same-origin
      Referrer-Policy:
      - same-origin
      Vary:
      - origin
      X-Content-Type-Options:
      - nosniff
      X-Frame-Options:
      - DENY
    status:
      code: 200
      message: OK
version: 1
