interactions:
- request:
    body: '{"nummer": "0000000136", "kanaal": "certain", "onderwerp": "hot", "inhoud":
      "Never effect moment address central factor.", "taal": "nld", "indicatieContactGelukt":
      true, "vertrouwelijk": false, "plaatsgevondenOp": "2010-03-03T21:55:04.959177"}'
    headers:
      Authorization:
      - Token b2eb1da9861da88743d72a3fb4344288fe2cba44
      Content-Length:
      - '243'
      Content-Type:
      - application/json
    method: POST
    uri: http://localhost:8338/klantinteracties/api/v1/klantcontacten
  response:
    body:
      string: '{"uuid":"ebf1e60e-7be7-4203-9935-7b3f61c505c1","url":"http://localhost:8338/klantinteracties/api/v1/klantcontacten/ebf1e60e-7be7-4203-9935-7b3f61c505c1","gingOverOnderwerpobjecten":[],"hadBetrokkenActoren":[],"omvatteBijlagen":[],"hadBetrokkenen":[],"leiddeTotInterneTaken":[],"nummer":"0000000136","kanaal":"certain","onderwerp":"hot","inhoud":"Never
        effect moment address central factor.","indicatieContactGelukt":true,"taal":"nld","vertrouwelijk":false,"plaatsgevondenOp":"2010-03-03T21:55:04.959177Z"}'
    headers:
      API-version:
      - 0.0.4
      Allow:
      - GET, POST, HEAD, OPTIONS
      Content-Length:
      - '505'
      Content-Security-Policy:
      - 'frame-ancestors ''none''; object-src ''none''; style-src ''self'' ''unsafe-inline''
        fonts.googleapis.com; form-action ''self''; worker-src ''self'' blob:; base-uri
        ''self''; script-src ''self'' ''unsafe-inline''; img-src ''self'' data: cdn.redoc.ly;
        font-src ''self'' fonts.gstatic.com; frame-src ''self''; default-src ''self'''
      Content-Type:
      - application/json
      Cross-Origin-Opener-Policy:
      - same-origin
      Location:
      - http://localhost:8338/klantinteracties/api/v1/klantcontacten/ebf1e60e-7be7-4203-9935-7b3f61c505c1
      Referrer-Policy:
      - same-origin
      Vary:
      - origin
      X-Content-Type-Options:
      - nosniff
      X-Frame-Options:
      - DENY
    status:
      code: 201
      message: Created
- request:
    body: '{"nummer": "0000000137", "kanaal": "discover", "onderwerp": "by", "inhoud":
      "Something list defense near list.", "taal": "nld", "indicatieContactGelukt":
      true, "vertrouwelijk": true, "plaatsgevondenOp": "2006-05-07T14:54:29.407351"}'
    headers:
      Authorization:
      - Token b2eb1da9861da88743d72a3fb4344288fe2cba44
      Content-Length:
      - '232'
      Content-Type:
      - application/json
    method: POST
    uri: http://localhost:8338/klantinteracties/api/v1/klantcontacten
  response:
    body:
      string: '{"uuid":"d58979fd-d263-4636-845c-66eeab8de1ea","url":"http://localhost:8338/klantinteracties/api/v1/klantcontacten/d58979fd-d263-4636-845c-66eeab8de1ea","gingOverOnderwerpobjecten":[],"hadBetrokkenActoren":[],"omvatteBijlagen":[],"hadBetrokkenen":[],"leiddeTotInterneTaken":[],"nummer":"0000000137","kanaal":"discover","onderwerp":"by","inhoud":"Something
        list defense near list.","indicatieContactGelukt":true,"taal":"nld","vertrouwelijk":true,"plaatsgevondenOp":"2006-05-07T14:54:29.407351Z"}'
    headers:
      API-version:
      - 0.0.4
      Allow:
      - GET, POST, HEAD, OPTIONS
      Content-Length:
      - '494'
      Content-Security-Policy:
      - 'frame-ancestors ''none''; object-src ''none''; style-src ''self'' ''unsafe-inline''
        fonts.googleapis.com; form-action ''self''; worker-src ''self'' blob:; base-uri
        ''self''; script-src ''self'' ''unsafe-inline''; img-src ''self'' data: cdn.redoc.ly;
        font-src ''self'' fonts.gstatic.com; frame-src ''self''; default-src ''self'''
      Content-Type:
      - application/json
      Cross-Origin-Opener-Policy:
      - same-origin
      Location:
      - http://localhost:8338/klantinteracties/api/v1/klantcontacten/d58979fd-d263-4636-845c-66eeab8de1ea
      Referrer-Policy:
      - same-origin
      Vary:
      - origin
      X-Content-Type-Options:
      - nosniff
      X-Frame-Options:
      - DENY
    status:
      code: 201
      message: Created
- request:
    body: '{"wasKlantcontact": {"uuid": "d58979fd-d263-4636-845c-66eeab8de1ea"}, "klantcontact":
      {"uuid": "ebf1e60e-7be7-4203-9935-7b3f61c505c1"}, "onderwerpobjectidentificator":
      {"objectId": "7554704003919", "codeObjecttype": "keep", "codeRegister": "structure",
      "codeSoortObjectId": "size"}}'
    headers:
      Authorization:
      - Token b2eb1da9861da88743d72a3fb4344288fe2cba44
      Content-Length:
      - '282'
      Content-Type:
      - application/json
    method: POST
    uri: http://localhost:8338/klantinteracties/api/v1/onderwerpobjecten
  response:
    body:
      string: '{"uuid":"2b8e8398-f798-4665-b11e-d1cd124a94b1","url":"http://localhost:8338/klantinteracties/api/v1/onderwerpobjecten/2b8e8398-f798-4665-b11e-d1cd124a94b1","klantcontact":{"uuid":"ebf1e60e-7be7-4203-9935-7b3f61c505c1","url":"http://localhost:8338/klantinteracties/api/v1/klantcontacten/ebf1e60e-7be7-4203-9935-7b3f61c505c1"},"wasKlantcontact":{"uuid":"d58979fd-d263-4636-845c-66eeab8de1ea","url":"http://localhost:8338/klantinteracties/api/v1/klantcontacten/d58979fd-d263-4636-845c-66eeab8de1ea"},"onderwerpobjectidentificator":{"objectId":"7554704003919","codeObjecttype":"keep","codeRegister":"structure","codeSoortObjectId":"size"}}'
    headers:
      API-version:
      - 0.0.4
      Allow:
      - GET, POST, HEAD, OPTIONS
      Content-Length:
      - '635'
      Content-Security-Policy:
      - 'frame-ancestors ''none''; object-src ''none''; style-src ''self'' ''unsafe-inline''
        fonts.googleapis.com; form-action ''self''; worker-src ''self'' blob:; base-uri
        ''self''; script-src ''self'' ''unsafe-inline''; img-src ''self'' data: cdn.redoc.ly;
        font-src ''self'' fonts.gstatic.com; frame-src ''self''; default-src ''self'''
      Content-Type:
      - application/json
      Cross-Origin-Opener-Policy:
      - same-origin
      Location:
      - http://localhost:8338/klantinteracties/api/v1/onderwerpobjecten/2b8e8398-f798-4665-b11e-d1cd124a94b1
      Referrer-Policy:
      - same-origin
      Vary:
      - origin
      X-Content-Type-Options:
      - nosniff
      X-Frame-Options:
      - DENY
    status:
      code: 201
      message: Created
- request:
    body: '{"nummer": "0000000138", "kanaal": "section", "onderwerp": "behind", "inhoud":
      "Well technology final center organization note month life.", "taal": "nld",
      "indicatieContactGelukt": true, "vertrouwelijk": false, "plaatsgevondenOp":
      "2012-10-26T10:16:06.855062"}'
    headers:
      Authorization:
      - Token b2eb1da9861da88743d72a3fb4344288fe2cba44
      Content-Length:
      - '261'
      Content-Type:
      - application/json
    method: POST
    uri: http://localhost:8338/klantinteracties/api/v1/klantcontacten
  response:
    body:
      string: '{"uuid":"1268defc-37b3-43d9-8aeb-19d4ae45caed","url":"http://localhost:8338/klantinteracties/api/v1/klantcontacten/1268defc-37b3-43d9-8aeb-19d4ae45caed","gingOverOnderwerpobjecten":[],"hadBetrokkenActoren":[],"omvatteBijlagen":[],"hadBetrokkenen":[],"leiddeTotInterneTaken":[],"nummer":"0000000138","kanaal":"section","onderwerp":"behind","inhoud":"Well
        technology final center organization note month life.","indicatieContactGelukt":true,"taal":"nld","vertrouwelijk":false,"plaatsgevondenOp":"2012-10-26T10:16:06.855062Z"}'
    headers:
      API-version:
      - 0.0.4
      Allow:
      - GET, POST, HEAD, OPTIONS
      Content-Length:
      - '523'
      Content-Security-Policy:
      - 'frame-ancestors ''none''; object-src ''none''; style-src ''self'' ''unsafe-inline''
        fonts.googleapis.com; form-action ''self''; worker-src ''self'' blob:; base-uri
        ''self''; script-src ''self'' ''unsafe-inline''; img-src ''self'' data: cdn.redoc.ly;
        font-src ''self'' fonts.gstatic.com; frame-src ''self''; default-src ''self'''
      Content-Type:
      - application/json
      Cross-Origin-Opener-Policy:
      - same-origin
      Location:
      - http://localhost:8338/klantinteracties/api/v1/klantcontacten/1268defc-37b3-43d9-8aeb-19d4ae45caed
      Referrer-Policy:
      - same-origin
      Vary:
      - origin
      X-Content-Type-Options:
      - nosniff
      X-Frame-Options:
      - DENY
    status:
      code: 201
      message: Created
- request:
    body: '{"nummer": "0000000139", "kanaal": "dinner", "onderwerp": "give", "inhoud":
      "A under attack.", "taal": "nld", "indicatieContactGelukt": true, "vertrouwelijk":
      true, "plaatsgevondenOp": "1996-06-10T07:53:01.563299"}'
    headers:
      Authorization:
      - Token b2eb1da9861da88743d72a3fb4344288fe2cba44
      Content-Length:
      - '214'
      Content-Type:
      - application/json
    method: POST
    uri: http://localhost:8338/klantinteracties/api/v1/klantcontacten
  response:
    body:
      string: '{"uuid":"8d600528-18df-4db6-b620-2050607d3379","url":"http://localhost:8338/klantinteracties/api/v1/klantcontacten/8d600528-18df-4db6-b620-2050607d3379","gingOverOnderwerpobjecten":[],"hadBetrokkenActoren":[],"omvatteBijlagen":[],"hadBetrokkenen":[],"leiddeTotInterneTaken":[],"nummer":"0000000139","kanaal":"dinner","onderwerp":"give","inhoud":"A
        under attack.","indicatieContactGelukt":true,"taal":"nld","vertrouwelijk":true,"plaatsgevondenOp":"1996-06-10T07:53:01.563299Z"}'
    headers:
      API-version:
      - 0.0.4
      Allow:
      - GET, POST, HEAD, OPTIONS
      Content-Length:
      - '476'
      Content-Security-Policy:
      - 'frame-ancestors ''none''; object-src ''none''; style-src ''self'' ''unsafe-inline''
        fonts.googleapis.com; form-action ''self''; worker-src ''self'' blob:; base-uri
        ''self''; script-src ''self'' ''unsafe-inline''; img-src ''self'' data: cdn.redoc.ly;
        font-src ''self'' fonts.gstatic.com; frame-src ''self''; default-src ''self'''
      Content-Type:
      - application/json
      Cross-Origin-Opener-Policy:
      - same-origin
      Location:
      - http://localhost:8338/klantinteracties/api/v1/klantcontacten/8d600528-18df-4db6-b620-2050607d3379
      Referrer-Policy:
      - same-origin
      Vary:
      - origin
      X-Content-Type-Options:
      - nosniff
      X-Frame-Options:
      - DENY
    status:
      code: 201
      message: Created
- request:
    body: '{"wasKlantcontact": {"uuid": "8d600528-18df-4db6-b620-2050607d3379"}, "klantcontact":
      {"uuid": "1268defc-37b3-43d9-8aeb-19d4ae45caed"}, "onderwerpobjectidentificator":
      {"objectId": "4965797478677", "codeObjecttype": "church", "codeRegister": "month",
      "codeSoortObjectId": "mention"}}'
    headers:
      Authorization:
      - Token b2eb1da9861da88743d72a3fb4344288fe2cba44
      Content-Length:
      - '283'
      Content-Type:
      - application/json
    method: POST
    uri: http://localhost:8338/klantinteracties/api/v1/onderwerpobjecten
  response:
    body:
      string: '{"uuid":"e8de10da-3f94-4a22-b56b-acf2d340e7b5","url":"http://localhost:8338/klantinteracties/api/v1/onderwerpobjecten/e8de10da-3f94-4a22-b56b-acf2d340e7b5","klantcontact":{"uuid":"1268defc-37b3-43d9-8aeb-19d4ae45caed","url":"http://localhost:8338/klantinteracties/api/v1/klantcontacten/1268defc-37b3-43d9-8aeb-19d4ae45caed"},"wasKlantcontact":{"uuid":"8d600528-18df-4db6-b620-2050607d3379","url":"http://localhost:8338/klantinteracties/api/v1/klantcontacten/8d600528-18df-4db6-b620-2050607d3379"},"onderwerpobjectidentificator":{"objectId":"4965797478677","codeObjecttype":"church","codeRegister":"month","codeSoortObjectId":"mention"}}'
    headers:
      API-version:
      - 0.0.4
      Allow:
      - GET, POST, HEAD, OPTIONS
      Content-Length:
      - '636'
      Content-Security-Policy:
      - 'frame-ancestors ''none''; object-src ''none''; style-src ''self'' ''unsafe-inline''
        fonts.googleapis.com; form-action ''self''; worker-src ''self'' blob:; base-uri
        ''self''; script-src ''self'' ''unsafe-inline''; img-src ''self'' data: cdn.redoc.ly;
        font-src ''self'' fonts.gstatic.com; frame-src ''self''; default-src ''self'''
      Content-Type:
      - application/json
      Cross-Origin-Opener-Policy:
      - same-origin
      Location:
      - http://localhost:8338/klantinteracties/api/v1/onderwerpobjecten/e8de10da-3f94-4a22-b56b-acf2d340e7b5
      Referrer-Policy:
      - same-origin
      Vary:
      - origin
      X-Content-Type-Options:
      - nosniff
      X-Frame-Options:
      - DENY
    status:
      code: 201
      message: Created
- request:
    body: '{"nummer": "0000000140", "kanaal": "several", "onderwerp": "friend", "inhoud":
      "Institution according magazine law significant left anyone.", "taal": "nld",
      "indicatieContactGelukt": false, "vertrouwelijk": true, "plaatsgevondenOp":
      "2024-01-24T14:04:03.642913"}'
    headers:
      Authorization:
      - Token b2eb1da9861da88743d72a3fb4344288fe2cba44
      Content-Length:
      - '262'
      Content-Type:
      - application/json
    method: POST
    uri: http://localhost:8338/klantinteracties/api/v1/klantcontacten
  response:
    body:
      string: '{"uuid":"b198e9e2-319a-43a9-88e4-9f159328a509","url":"http://localhost:8338/klantinteracties/api/v1/klantcontacten/b198e9e2-319a-43a9-88e4-9f159328a509","gingOverOnderwerpobjecten":[],"hadBetrokkenActoren":[],"omvatteBijlagen":[],"hadBetrokkenen":[],"leiddeTotInterneTaken":[],"nummer":"0000000140","kanaal":"several","onderwerp":"friend","inhoud":"Institution
        according magazine law significant left anyone.","indicatieContactGelukt":false,"taal":"nld","vertrouwelijk":true,"plaatsgevondenOp":"2024-01-24T14:04:03.642913Z"}'
    headers:
      API-version:
      - 0.0.4
      Allow:
      - GET, POST, HEAD, OPTIONS
      Content-Length:
      - '524'
      Content-Security-Policy:
      - 'frame-ancestors ''none''; object-src ''none''; style-src ''self'' ''unsafe-inline''
        fonts.googleapis.com; form-action ''self''; worker-src ''self'' blob:; base-uri
        ''self''; script-src ''self'' ''unsafe-inline''; img-src ''self'' data: cdn.redoc.ly;
        font-src ''self'' fonts.gstatic.com; frame-src ''self''; default-src ''self'''
      Content-Type:
      - application/json
      Cross-Origin-Opener-Policy:
      - same-origin
      Location:
      - http://localhost:8338/klantinteracties/api/v1/klantcontacten/b198e9e2-319a-43a9-88e4-9f159328a509
      Referrer-Policy:
      - same-origin
      Vary:
      - origin
      X-Content-Type-Options:
      - nosniff
      X-Frame-Options:
      - DENY
    status:
      code: 201
      message: Created
- request:
    body: '{"nummer": "0000000141", "kanaal": "miss", "onderwerp": "item", "inhoud":
      "Worry enjoy take somebody.", "taal": "nld", "indicatieContactGelukt": true,
      "vertrouwelijk": true, "plaatsgevondenOp": "2001-09-21T09:49:18.932495"}'
    headers:
      Authorization:
      - Token b2eb1da9861da88743d72a3fb4344288fe2cba44
      Content-Length:
      - '223'
      Content-Type:
      - application/json
    method: POST
    uri: http://localhost:8338/klantinteracties/api/v1/klantcontacten
  response:
    body:
      string: '{"uuid":"a0cb4064-e92d-4af5-b36b-33035b19235c","url":"http://localhost:8338/klantinteracties/api/v1/klantcontacten/a0cb4064-e92d-4af5-b36b-33035b19235c","gingOverOnderwerpobjecten":[],"hadBetrokkenActoren":[],"omvatteBijlagen":[],"hadBetrokkenen":[],"leiddeTotInterneTaken":[],"nummer":"0000000141","kanaal":"miss","onderwerp":"item","inhoud":"Worry
        enjoy take somebody.","indicatieContactGelukt":true,"taal":"nld","vertrouwelijk":true,"plaatsgevondenOp":"2001-09-21T09:49:18.932495Z"}'
    headers:
      API-version:
      - 0.0.4
      Allow:
      - GET, POST, HEAD, OPTIONS
      Content-Length:
      - '485'
      Content-Security-Policy:
      - 'frame-ancestors ''none''; object-src ''none''; style-src ''self'' ''unsafe-inline''
        fonts.googleapis.com; form-action ''self''; worker-src ''self'' blob:; base-uri
        ''self''; script-src ''self'' ''unsafe-inline''; img-src ''self'' data: cdn.redoc.ly;
        font-src ''self'' fonts.gstatic.com; frame-src ''self''; default-src ''self'''
      Content-Type:
      - application/json
      Cross-Origin-Opener-Policy:
      - same-origin
      Location:
      - http://localhost:8338/klantinteracties/api/v1/klantcontacten/a0cb4064-e92d-4af5-b36b-33035b19235c
      Referrer-Policy:
      - same-origin
      Vary:
      - origin
      X-Content-Type-Options:
      - nosniff
      X-Frame-Options:
      - DENY
    status:
      code: 201
      message: Created
- request:
    body: '{"wasKlantcontact": {"uuid": "a0cb4064-e92d-4af5-b36b-33035b19235c"}, "klantcontact":
      {"uuid": "b198e9e2-319a-43a9-88e4-9f159328a509"}, "onderwerpobjectidentificator":
      {"objectId": "1735614184547", "codeObjecttype": "success", "codeRegister": "get",
      "codeSoortObjectId": "exactly"}}'
    headers:
      Authorization:
      - Token b2eb1da9861da88743d72a3fb4344288fe2cba44
      Content-Length:
      - '282'
      Content-Type:
      - application/json
    method: POST
    uri: http://localhost:8338/klantinteracties/api/v1/onderwerpobjecten
  response:
    body:
      string: '{"uuid":"e5167585-711f-4c29-8fa2-dd39935a629d","url":"http://localhost:8338/klantinteracties/api/v1/onderwerpobjecten/e5167585-711f-4c29-8fa2-dd39935a629d","klantcontact":{"uuid":"b198e9e2-319a-43a9-88e4-9f159328a509","url":"http://localhost:8338/klantinteracties/api/v1/klantcontacten/b198e9e2-319a-43a9-88e4-9f159328a509"},"wasKlantcontact":{"uuid":"a0cb4064-e92d-4af5-b36b-33035b19235c","url":"http://localhost:8338/klantinteracties/api/v1/klantcontacten/a0cb4064-e92d-4af5-b36b-33035b19235c"},"onderwerpobjectidentificator":{"objectId":"1735614184547","codeObjecttype":"success","codeRegister":"get","codeSoortObjectId":"exactly"}}'
    headers:
      API-version:
      - 0.0.4
      Allow:
      - GET, POST, HEAD, OPTIONS
      Content-Length:
      - '635'
      Content-Security-Policy:
      - 'frame-ancestors ''none''; object-src ''none''; style-src ''self'' ''unsafe-inline''
        fonts.googleapis.com; form-action ''self''; worker-src ''self'' blob:; base-uri
        ''self''; script-src ''self'' ''unsafe-inline''; img-src ''self'' data: cdn.redoc.ly;
        font-src ''self'' fonts.gstatic.com; frame-src ''self''; default-src ''self'''
      Content-Type:
      - application/json
      Cross-Origin-Opener-Policy:
      - same-origin
      Location:
      - http://localhost:8338/klantinteracties/api/v1/onderwerpobjecten/e5167585-711f-4c29-8fa2-dd39935a629d
      Referrer-Policy:
      - same-origin
      Vary:
      - origin
      X-Content-Type-Options:
      - nosniff
      X-Frame-Options:
      - DENY
    status:
      code: 201
      message: Created
- request:
    body: '{"nummer": "0000000142", "kanaal": "drug", "onderwerp": "offer", "inhoud":
      "Clearly short bag.", "taal": "nld", "indicatieContactGelukt": false, "vertrouwelijk":
      true, "plaatsgevondenOp": "2003-08-02T05:03:41.839649"}'
    headers:
      Authorization:
      - Token b2eb1da9861da88743d72a3fb4344288fe2cba44
      Content-Length:
      - '217'
      Content-Type:
      - application/json
    method: POST
    uri: http://localhost:8338/klantinteracties/api/v1/klantcontacten
  response:
    body:
      string: '{"uuid":"72528579-5be9-4393-937d-2f64e507bb01","url":"http://localhost:8338/klantinteracties/api/v1/klantcontacten/72528579-5be9-4393-937d-2f64e507bb01","gingOverOnderwerpobjecten":[],"hadBetrokkenActoren":[],"omvatteBijlagen":[],"hadBetrokkenen":[],"leiddeTotInterneTaken":[],"nummer":"0000000142","kanaal":"drug","onderwerp":"offer","inhoud":"Clearly
        short bag.","indicatieContactGelukt":false,"taal":"nld","vertrouwelijk":true,"plaatsgevondenOp":"2003-08-02T05:03:41.839649Z"}'
    headers:
      API-version:
      - 0.0.4
      Allow:
      - GET, POST, HEAD, OPTIONS
      Content-Length:
      - '479'
      Content-Security-Policy:
      - 'frame-ancestors ''none''; object-src ''none''; style-src ''self'' ''unsafe-inline''
        fonts.googleapis.com; form-action ''self''; worker-src ''self'' blob:; base-uri
        ''self''; script-src ''self'' ''unsafe-inline''; img-src ''self'' data: cdn.redoc.ly;
        font-src ''self'' fonts.gstatic.com; frame-src ''self''; default-src ''self'''
      Content-Type:
      - application/json
      Cross-Origin-Opener-Policy:
      - same-origin
      Location:
      - http://localhost:8338/klantinteracties/api/v1/klantcontacten/72528579-5be9-4393-937d-2f64e507bb01
      Referrer-Policy:
      - same-origin
      Vary:
      - origin
      X-Content-Type-Options:
      - nosniff
      X-Frame-Options:
      - DENY
    status:
      code: 201
      message: Created
- request:
    body: '{"nummer": "0000000143", "kanaal": "anyone", "onderwerp": "teach", "inhoud":
      "During employee although respond.", "taal": "nld", "indicatieContactGelukt":
      null, "vertrouwelijk": false, "plaatsgevondenOp": "2021-03-21T02:16:45.705930"}'
    headers:
      Authorization:
      - Token b2eb1da9861da88743d72a3fb4344288fe2cba44
      Content-Length:
      - '234'
      Content-Type:
      - application/json
    method: POST
    uri: http://localhost:8338/klantinteracties/api/v1/klantcontacten
  response:
    body:
      string: '{"uuid":"41428a53-a279-4a98-89ec-b57578b5a407","url":"http://localhost:8338/klantinteracties/api/v1/klantcontacten/41428a53-a279-4a98-89ec-b57578b5a407","gingOverOnderwerpobjecten":[],"hadBetrokkenActoren":[],"omvatteBijlagen":[],"hadBetrokkenen":[],"leiddeTotInterneTaken":[],"nummer":"0000000143","kanaal":"anyone","onderwerp":"teach","inhoud":"During
        employee although respond.","indicatieContactGelukt":null,"taal":"nld","vertrouwelijk":false,"plaatsgevondenOp":"2021-03-21T02:16:45.705930Z"}'
    headers:
      API-version:
      - 0.0.4
      Allow:
      - GET, POST, HEAD, OPTIONS
      Content-Length:
      - '496'
      Content-Security-Policy:
      - 'frame-ancestors ''none''; object-src ''none''; style-src ''self'' ''unsafe-inline''
        fonts.googleapis.com; form-action ''self''; worker-src ''self'' blob:; base-uri
        ''self''; script-src ''self'' ''unsafe-inline''; img-src ''self'' data: cdn.redoc.ly;
        font-src ''self'' fonts.gstatic.com; frame-src ''self''; default-src ''self'''
      Content-Type:
      - application/json
      Cross-Origin-Opener-Policy:
      - same-origin
      Location:
      - http://localhost:8338/klantinteracties/api/v1/klantcontacten/41428a53-a279-4a98-89ec-b57578b5a407
      Referrer-Policy:
      - same-origin
      Vary:
      - origin
      X-Content-Type-Options:
      - nosniff
      X-Frame-Options:
      - DENY
    status:
      code: 201
      message: Created
- request:
    body: '{"wasKlantcontact": {"uuid": "41428a53-a279-4a98-89ec-b57578b5a407"}, "klantcontact":
      {"uuid": "72528579-5be9-4393-937d-2f64e507bb01"}, "onderwerpobjectidentificator":
      {"objectId": "2581190148744", "codeObjecttype": "much", "codeRegister": "also",
      "codeSoortObjectId": "home"}}'
    headers:
      Authorization:
      - Token b2eb1da9861da88743d72a3fb4344288fe2cba44
      Content-Length:
      - '277'
      Content-Type:
      - application/json
    method: POST
    uri: http://localhost:8338/klantinteracties/api/v1/onderwerpobjecten
  response:
    body:
      string: '{"uuid":"a8cdb19f-41ba-4916-9000-a2d575e64398","url":"http://localhost:8338/klantinteracties/api/v1/onderwerpobjecten/a8cdb19f-41ba-4916-9000-a2d575e64398","klantcontact":{"uuid":"72528579-5be9-4393-937d-2f64e507bb01","url":"http://localhost:8338/klantinteracties/api/v1/klantcontacten/72528579-5be9-4393-937d-2f64e507bb01"},"wasKlantcontact":{"uuid":"41428a53-a279-4a98-89ec-b57578b5a407","url":"http://localhost:8338/klantinteracties/api/v1/klantcontacten/41428a53-a279-4a98-89ec-b57578b5a407"},"onderwerpobjectidentificator":{"objectId":"2581190148744","codeObjecttype":"much","codeRegister":"also","codeSoortObjectId":"home"}}'
    headers:
      API-version:
      - 0.0.4
      Allow:
      - GET, POST, HEAD, OPTIONS
      Content-Length:
      - '630'
      Content-Security-Policy:
      - 'frame-ancestors ''none''; object-src ''none''; style-src ''self'' ''unsafe-inline''
        fonts.googleapis.com; form-action ''self''; worker-src ''self'' blob:; base-uri
        ''self''; script-src ''self'' ''unsafe-inline''; img-src ''self'' data: cdn.redoc.ly;
        font-src ''self'' fonts.gstatic.com; frame-src ''self''; default-src ''self'''
      Content-Type:
      - application/json
      Cross-Origin-Opener-Policy:
      - same-origin
      Location:
      - http://localhost:8338/klantinteracties/api/v1/onderwerpobjecten/a8cdb19f-41ba-4916-9000-a2d575e64398
      Referrer-Policy:
      - same-origin
      Vary:
      - origin
      X-Content-Type-Options:
      - nosniff
      X-Frame-Options:
      - DENY
    status:
      code: 201
      message: Created
- request:
    body: '{"nummer": "0000000144", "kanaal": "chance", "onderwerp": "center", "inhoud":
      "Program identify southern hotel.", "taal": "nld", "indicatieContactGelukt":
      true, "vertrouwelijk": false, "plaatsgevondenOp": "2004-10-06T19:58:47.167232"}'
    headers:
      Authorization:
      - Token b2eb1da9861da88743d72a3fb4344288fe2cba44
      Content-Length:
      - '234'
      Content-Type:
      - application/json
    method: POST
    uri: http://localhost:8338/klantinteracties/api/v1/klantcontacten
  response:
    body:
      string: '{"uuid":"d4ccd5ce-7c52-489c-ae0f-120d4c0d28ba","url":"http://localhost:8338/klantinteracties/api/v1/klantcontacten/d4ccd5ce-7c52-489c-ae0f-120d4c0d28ba","gingOverOnderwerpobjecten":[],"hadBetrokkenActoren":[],"omvatteBijlagen":[],"hadBetrokkenen":[],"leiddeTotInterneTaken":[],"nummer":"0000000144","kanaal":"chance","onderwerp":"center","inhoud":"Program
        identify southern hotel.","indicatieContactGelukt":true,"taal":"nld","vertrouwelijk":false,"plaatsgevondenOp":"2004-10-06T19:58:47.167232Z"}'
    headers:
      API-version:
      - 0.0.4
      Allow:
      - GET, POST, HEAD, OPTIONS
      Content-Length:
      - '496'
      Content-Security-Policy:
      - 'frame-ancestors ''none''; object-src ''none''; style-src ''self'' ''unsafe-inline''
        fonts.googleapis.com; form-action ''self''; worker-src ''self'' blob:; base-uri
        ''self''; script-src ''self'' ''unsafe-inline''; img-src ''self'' data: cdn.redoc.ly;
        font-src ''self'' fonts.gstatic.com; frame-src ''self''; default-src ''self'''
      Content-Type:
      - application/json
      Cross-Origin-Opener-Policy:
      - same-origin
      Location:
      - http://localhost:8338/klantinteracties/api/v1/klantcontacten/d4ccd5ce-7c52-489c-ae0f-120d4c0d28ba
      Referrer-Policy:
      - same-origin
      Vary:
      - origin
      X-Content-Type-Options:
      - nosniff
      X-Frame-Options:
      - DENY
    status:
      code: 201
      message: Created
- request:
    body: '{"nummer": "0000000145", "kanaal": "there", "onderwerp": "run", "inhoud":
      "Out word network risk director yes.", "taal": "nld", "indicatieContactGelukt":
      false, "vertrouwelijk": false, "plaatsgevondenOp": "2003-06-04T22:35:44.109683"}'
    headers:
      Authorization:
      - Token b2eb1da9861da88743d72a3fb4344288fe2cba44
      Content-Length:
      - '234'
      Content-Type:
      - application/json
    method: POST
    uri: http://localhost:8338/klantinteracties/api/v1/klantcontacten
  response:
    body:
      string: '{"uuid":"a1684f5c-f8df-47dd-96f4-15678112c726","url":"http://localhost:8338/klantinteracties/api/v1/klantcontacten/a1684f5c-f8df-47dd-96f4-15678112c726","gingOverOnderwerpobjecten":[],"hadBetrokkenActoren":[],"omvatteBijlagen":[],"hadBetrokkenen":[],"leiddeTotInterneTaken":[],"nummer":"0000000145","kanaal":"there","onderwerp":"run","inhoud":"Out
        word network risk director yes.","indicatieContactGelukt":false,"taal":"nld","vertrouwelijk":false,"plaatsgevondenOp":"2003-06-04T22:35:44.109683Z"}'
    headers:
      API-version:
      - 0.0.4
      Allow:
      - GET, POST, HEAD, OPTIONS
      Content-Length:
      - '496'
      Content-Security-Policy:
      - 'frame-ancestors ''none''; object-src ''none''; style-src ''self'' ''unsafe-inline''
        fonts.googleapis.com; form-action ''self''; worker-src ''self'' blob:; base-uri
        ''self''; script-src ''self'' ''unsafe-inline''; img-src ''self'' data: cdn.redoc.ly;
        font-src ''self'' fonts.gstatic.com; frame-src ''self''; default-src ''self'''
      Content-Type:
      - application/json
      Cross-Origin-Opener-Policy:
      - same-origin
      Location:
      - http://localhost:8338/klantinteracties/api/v1/klantcontacten/a1684f5c-f8df-47dd-96f4-15678112c726
      Referrer-Policy:
      - same-origin
      Vary:
      - origin
      X-Content-Type-Options:
      - nosniff
      X-Frame-Options:
      - DENY
    status:
      code: 201
      message: Created
- request:
    body: '{"wasKlantcontact": {"uuid": "a1684f5c-f8df-47dd-96f4-15678112c726"}, "klantcontact":
      {"uuid": "d4ccd5ce-7c52-489c-ae0f-120d4c0d28ba"}, "onderwerpobjectidentificator":
      {"objectId": "7085932045292", "codeObjecttype": "accept", "codeRegister": "catch",
      "codeSoortObjectId": "mention"}}'
    headers:
      Authorization:
      - Token b2eb1da9861da88743d72a3fb4344288fe2cba44
      Content-Length:
      - '283'
      Content-Type:
      - application/json
    method: POST
    uri: http://localhost:8338/klantinteracties/api/v1/onderwerpobjecten
  response:
    body:
      string: '{"uuid":"60677cde-c0a2-4748-882c-113ca1b4103c","url":"http://localhost:8338/klantinteracties/api/v1/onderwerpobjecten/60677cde-c0a2-4748-882c-113ca1b4103c","klantcontact":{"uuid":"d4ccd5ce-7c52-489c-ae0f-120d4c0d28ba","url":"http://localhost:8338/klantinteracties/api/v1/klantcontacten/d4ccd5ce-7c52-489c-ae0f-120d4c0d28ba"},"wasKlantcontact":{"uuid":"a1684f5c-f8df-47dd-96f4-15678112c726","url":"http://localhost:8338/klantinteracties/api/v1/klantcontacten/a1684f5c-f8df-47dd-96f4-15678112c726"},"onderwerpobjectidentificator":{"objectId":"7085932045292","codeObjecttype":"accept","codeRegister":"catch","codeSoortObjectId":"mention"}}'
    headers:
      API-version:
      - 0.0.4
      Allow:
      - GET, POST, HEAD, OPTIONS
      Content-Length:
      - '636'
      Content-Security-Policy:
      - 'frame-ancestors ''none''; object-src ''none''; style-src ''self'' ''unsafe-inline''
        fonts.googleapis.com; form-action ''self''; worker-src ''self'' blob:; base-uri
        ''self''; script-src ''self'' ''unsafe-inline''; img-src ''self'' data: cdn.redoc.ly;
        font-src ''self'' fonts.gstatic.com; frame-src ''self''; default-src ''self'''
      Content-Type:
      - application/json
      Cross-Origin-Opener-Policy:
      - same-origin
      Location:
      - http://localhost:8338/klantinteracties/api/v1/onderwerpobjecten/60677cde-c0a2-4748-882c-113ca1b4103c
      Referrer-Policy:
      - same-origin
      Vary:
      - origin
      X-Content-Type-Options:
      - nosniff
      X-Frame-Options:
      - DENY
    status:
      code: 201
      message: Created
- request:
    body: null
    headers:
      Authorization:
      - Token b2eb1da9861da88743d72a3fb4344288fe2cba44
    method: GET
    uri: http://localhost:8338/klantinteracties/api/v1/onderwerpobjecten
  response:
    body:
      string: '{"count":5,"next":null,"previous":null,"results":[{"uuid":"60677cde-c0a2-4748-882c-113ca1b4103c","url":"http://localhost:8338/klantinteracties/api/v1/onderwerpobjecten/60677cde-c0a2-4748-882c-113ca1b4103c","klantcontact":{"uuid":"d4ccd5ce-7c52-489c-ae0f-120d4c0d28ba","url":"http://localhost:8338/klantinteracties/api/v1/klantcontacten/d4ccd5ce-7c52-489c-ae0f-120d4c0d28ba"},"wasKlantcontact":{"uuid":"a1684f5c-f8df-47dd-96f4-15678112c726","url":"http://localhost:8338/klantinteracties/api/v1/klantcontacten/a1684f5c-f8df-47dd-96f4-15678112c726"},"onderwerpobjectidentificator":{"objectId":"7085932045292","codeObjecttype":"accept","codeRegister":"catch","codeSoortObjectId":"mention"}},{"uuid":"a8cdb19f-41ba-4916-9000-a2d575e64398","url":"http://localhost:8338/klantinteracties/api/v1/onderwerpobjecten/a8cdb19f-41ba-4916-9000-a2d575e64398","klantcontact":{"uuid":"72528579-5be9-4393-937d-2f64e507bb01","url":"http://localhost:8338/klantinteracties/api/v1/klantcontacten/72528579-5be9-4393-937d-2f64e507bb01"},"wasKlantcontact":{"uuid":"41428a53-a279-4a98-89ec-b57578b5a407","url":"http://localhost:8338/klantinteracties/api/v1/klantcontacten/41428a53-a279-4a98-89ec-b57578b5a407"},"onderwerpobjectidentificator":{"objectId":"2581190148744","codeObjecttype":"much","codeRegister":"also","codeSoortObjectId":"home"}},{"uuid":"e5167585-711f-4c29-8fa2-dd39935a629d","url":"http://localhost:8338/klantinteracties/api/v1/onderwerpobjecten/e5167585-711f-4c29-8fa2-dd39935a629d","klantcontact":{"uuid":"b198e9e2-319a-43a9-88e4-9f159328a509","url":"http://localhost:8338/klantinteracties/api/v1/klantcontacten/b198e9e2-319a-43a9-88e4-9f159328a509"},"wasKlantcontact":{"uuid":"a0cb4064-e92d-4af5-b36b-33035b19235c","url":"http://localhost:8338/klantinteracties/api/v1/klantcontacten/a0cb4064-e92d-4af5-b36b-33035b19235c"},"onderwerpobjectidentificator":{"objectId":"1735614184547","codeObjecttype":"success","codeRegister":"get","codeSoortObjectId":"exactly"}},{"uuid":"e8de10da-3f94-4a22-b56b-acf2d340e7b5","url":"http://localhost:8338/klantinteracties/api/v1/onderwerpobjecten/e8de10da-3f94-4a22-b56b-acf2d340e7b5","klantcontact":{"uuid":"1268defc-37b3-43d9-8aeb-19d4ae45caed","url":"http://localhost:8338/klantinteracties/api/v1/klantcontacten/1268defc-37b3-43d9-8aeb-19d4ae45caed"},"wasKlantcontact":{"uuid":"8d600528-18df-4db6-b620-2050607d3379","url":"http://localhost:8338/klantinteracties/api/v1/klantcontacten/8d600528-18df-4db6-b620-2050607d3379"},"onderwerpobjectidentificator":{"objectId":"4965797478677","codeObjecttype":"church","codeRegister":"month","codeSoortObjectId":"mention"}},{"uuid":"2b8e8398-f798-4665-b11e-d1cd124a94b1","url":"http://localhost:8338/klantinteracties/api/v1/onderwerpobjecten/2b8e8398-f798-4665-b11e-d1cd124a94b1","klantcontact":{"uuid":"ebf1e60e-7be7-4203-9935-7b3f61c505c1","url":"http://localhost:8338/klantinteracties/api/v1/klantcontacten/ebf1e60e-7be7-4203-9935-7b3f61c505c1"},"wasKlantcontact":{"uuid":"d58979fd-d263-4636-845c-66eeab8de1ea","url":"http://localhost:8338/klantinteracties/api/v1/klantcontacten/d58979fd-d263-4636-845c-66eeab8de1ea"},"onderwerpobjectidentificator":{"objectId":"7554704003919","codeObjecttype":"keep","codeRegister":"structure","codeSoortObjectId":"size"}}]}'
    headers:
      API-version:
      - 0.0.4
      Allow:
      - GET, POST, HEAD, OPTIONS
      Content-Length:
      - '3228'
      Content-Security-Policy:
      - 'frame-ancestors ''none''; object-src ''none''; style-src ''self'' ''unsafe-inline''
        fonts.googleapis.com; form-action ''self''; worker-src ''self'' blob:; base-uri
        ''self''; script-src ''self'' ''unsafe-inline''; img-src ''self'' data: cdn.redoc.ly;
        font-src ''self'' fonts.gstatic.com; frame-src ''self''; default-src ''self'''
      Content-Type:
      - application/json
      Cross-Origin-Opener-Policy:
      - same-origin
      Referrer-Policy:
      - same-origin
      Vary:
      - origin
      X-Content-Type-Options:
      - nosniff
      X-Frame-Options:
      - DENY
    status:
      code: 200
      message: OK
version: 1
